Component: ARM Compiler 5.06 update 6 (build 750) Tool: armlink [4d35ed]

==============================================================================

Section Cross References

    startup_stm32f103xb.o(RESET) refers to startup_stm32f103xb.o(STACK) for __initial_sp
    startup_stm32f103xb.o(RESET) refers to startup_stm32f103xb.o(.text) for Reset_Handler
    startup_stm32f103xb.o(RESET) refers to stm32f1xx_it.o(i.NMI_Handler) for NMI_Handler
    startup_stm32f103xb.o(RESET) refers to stm32f1xx_it.o(i.HardFault_Handler) for HardFault_Handler
    startup_stm32f103xb.o(RESET) refers to stm32f1xx_it.o(i.MemManage_Handler) for MemManage_Handler
    startup_stm32f103xb.o(RESET) refers to stm32f1xx_it.o(i.BusFault_Handler) for BusFault_Handler
    startup_stm32f103xb.o(RESET) refers to stm32f1xx_it.o(i.UsageFault_Handler) for UsageFault_Handler
    startup_stm32f103xb.o(RESET) refers to stm32f1xx_it.o(i.SVC_Handler) for SVC_Handler
    startup_stm32f103xb.o(RESET) refers to stm32f1xx_it.o(i.DebugMon_Handler) for DebugMon_Handler
    startup_stm32f103xb.o(RESET) refers to stm32f1xx_it.o(i.PendSV_Handler) for PendSV_Handler
    startup_stm32f103xb.o(RESET) refers to stm32f1xx_it.o(i.SysTick_Handler) for SysTick_Handler
    startup_stm32f103xb.o(RESET) refers to stm32f1xx_it.o(i.EXTI1_IRQHandler) for EXTI1_IRQHandler
    startup_stm32f103xb.o(RESET) refers to stm32f1xx_it.o(i.USB_LP_CAN1_RX0_IRQHandler) for USB_LP_CAN1_RX0_IRQHandler
    startup_stm32f103xb.o(RESET) refers to stm32f1xx_it.o(i.TIM3_IRQHandler) for TIM3_IRQHandler
    startup_stm32f103xb.o(.text) refers to system_stm32f1xx.o(i.SystemInit) for SystemInit
    startup_stm32f103xb.o(.text) refers to entry.o(.ARM.Collect$$$$00000000) for __main
    main.o(i.HAL_TIM_PeriodElapsedCallback) refers to main.o(.data) for .data
    main.o(i.Key_Read) refers to stm32f1xx_hal_gpio.o(i.HAL_GPIO_ReadPin) for HAL_GPIO_ReadPin
    main.o(i.Key_Task) refers to main.o(i.Key_Read) for Key_Read
    main.o(i.Key_Task) refers to paw3395.o(i.DPI_Config) for DPI_Config
    main.o(i.Key_Task) refers to main.o(.data) for .data
    main.o(i.LED_Task) refers to stm32f1xx_hal_gpio.o(i.HAL_GPIO_TogglePin) for HAL_GPIO_TogglePin
    main.o(i.LED_Task) refers to stm32f1xx_hal_gpio.o(i.HAL_GPIO_WritePin) for HAL_GPIO_WritePin
    main.o(i.LED_Task) refers to main.o(.data) for .data
    main.o(i.Mouse_XY_Updata) refers to paw3395.o(i.Motion_Burst) for Motion_Burst
    main.o(i.Mouse_XY_Updata) refers to mymouse.o(i.myMouse_update) for myMouse_update
    main.o(i.Mouse_XY_Updata) refers to main.o(.bss) for .bss
    main.o(i.Mouse_XY_Updata) refers to main.o(.data) for .data
    main.o(i.Mouse_wheel_Updata) refers to tim.o(.bss) for htim2
    main.o(i.Mouse_wheel_Updata) refers to main.o(.data) for .data
    main.o(i.Show_Task) refers to oled.o(i.OLED_Printf) for OLED_Printf
    main.o(i.Show_Task) refers to oled.o(i.OLED_Update) for OLED_Update
    main.o(i.Show_Task) refers to main.o(.data) for .data
    main.o(i.Show_Task) refers to tim.o(.bss) for htim2
    main.o(i.SystemClock_Config) refers to memseta.o(.text) for __aeabi_memclr4
    main.o(i.SystemClock_Config) refers to stm32f1xx_hal_rcc.o(i.HAL_RCC_OscConfig) for HAL_RCC_OscConfig
    main.o(i.SystemClock_Config) refers to stm32f1xx_hal_rcc.o(i.HAL_RCC_ClockConfig) for HAL_RCC_ClockConfig
    main.o(i.SystemClock_Config) refers to stm32f1xx_hal_rcc_ex.o(i.HAL_RCCEx_PeriphCLKConfig) for HAL_RCCEx_PeriphCLKConfig
    main.o(i.Task_Init) refers to main.o(.data) for .data
    main.o(i.Task_Run) refers to main.o(.data) for .data
    main.o(i.main) refers to stm32f1xx_hal.o(i.HAL_Init) for HAL_Init
    main.o(i.main) refers to main.o(i.SystemClock_Config) for SystemClock_Config
    main.o(i.main) refers to delay.o(i.delay_init) for delay_init
    main.o(i.main) refers to gpio.o(i.MX_GPIO_Init) for MX_GPIO_Init
    main.o(i.main) refers to usb_device.o(i.MX_USB_DEVICE_Init) for MX_USB_DEVICE_Init
    main.o(i.main) refers to spi.o(i.MX_SPI1_Init) for MX_SPI1_Init
    main.o(i.main) refers to tim.o(i.MX_TIM3_Init) for MX_TIM3_Init
    main.o(i.main) refers to tim.o(i.MX_TIM2_Init) for MX_TIM2_Init
    main.o(i.main) refers to i2c.o(i.MX_I2C2_Init) for MX_I2C2_Init
    main.o(i.main) refers to stm32f1xx_hal.o(i.HAL_Delay) for HAL_Delay
    main.o(i.main) refers to paw3395.o(i.Power_up_sequence) for Power_up_sequence
    main.o(i.main) refers to mymouse.o(i.myMouse_init) for myMouse_init
    main.o(i.main) refers to paw3395.o(i.DPI_Config) for DPI_Config
    main.o(i.main) refers to stm32f1xx_hal_tim.o(i.HAL_TIM_Base_Start_IT) for HAL_TIM_Base_Start_IT
    main.o(i.main) refers to main.o(i.Task_Init) for Task_Init
    main.o(i.main) refers to stm32f1xx_hal_tim.o(i.HAL_TIM_Encoder_Start) for HAL_TIM_Encoder_Start
    main.o(i.main) refers to main.o(i.Task_Run) for Task_Run
    main.o(i.main) refers to spi.o(.bss) for hspi1
    main.o(i.main) refers to main.o(.data) for .data
    main.o(i.main) refers to tim.o(.bss) for htim3
[...]
    ..\Drivers\STM32F1xx_HAL_Driver\Src\stm32f1xx_hal_dma.c 0x00000000   Number         0  stm32f1xx_hal_dma.o ABSOLUTE
    ..\Drivers\STM32F1xx_HAL_Driver\Src\stm32f1xx_hal_exti.c 0x00000000   Number         0  stm32f1xx_hal_exti.o ABSOLUTE
    ..\Drivers\STM32F1xx_HAL_Driver\Src\stm32f1xx_hal_flash.c 0x00000000   Number         0  stm32f1xx_hal_flash.o ABSOLUTE
    ..\Drivers\STM32F1xx_HAL_Driver\Src\stm32f1xx_hal_flash_ex.c 0x00000000   Number         0  stm32f1xx_hal_flash_ex.o ABSOLUTE
    ..\Drivers\STM32F1xx_HAL_Driver\Src\stm32f1xx_hal_gpio.c 0x00000000   Number         0  stm32f1xx_hal_gpio.o ABSOLUTE
    ..\Drivers\STM32F1xx_HAL_Driver\Src\stm32f1xx_hal_gpio_ex.c 0x00000000   Number         0  stm32f1xx_hal_gpio_ex.o ABSOLUTE
    ..\Drivers\STM32F1xx_HAL_Driver\Src\stm32f1xx_hal_i2c.c 0x00000000   Number         0  stm32f1xx_hal_i2c.o ABSOLUTE
    ..\Drivers\STM32F1xx_HAL_Driver\Src\stm32f1xx_hal_pcd.c 0x00000000   Number         0  stm32f1xx_hal_pcd.o ABSOLUTE
    ..\Drivers\STM32F1xx_HAL_Driver\Src\stm32f1xx_hal_pcd_ex.c 0x00000000   Number         0  stm32f1xx_hal_pcd_ex.o ABSOLUTE
    ..\Drivers\STM32F1xx_HAL_Driver\Src\stm32f1xx_hal_pwr.c 0x00000000   Number         0  stm32f1xx_hal_pwr.o ABSOLUTE
    ..\Drivers\STM32F1xx_HAL_Driver\Src\stm32f1xx_hal_rcc.c 0x00000000   Number         0  stm32f1xx_hal_rcc.o ABSOLUTE
    ..\Drivers\STM32F1xx_HAL_Driver\Src\stm32f1xx_hal_rcc_ex.c 0x00000000   Number         0  stm32f1xx_hal_rcc_ex.o ABSOLUTE
    ..\Drivers\STM32F1xx_HAL_Driver\Src\stm32f1xx_hal_spi.c 0x00000000   Number         0  stm32f1xx_hal_spi.o ABSOLUTE
    ..\Drivers\STM32F1xx_HAL_Driver\Src\stm32f1xx_hal_tim.c 0x00000000   Number         0  stm32f1xx_hal_tim.o ABSOLUTE
    ..\Drivers\STM32F1xx_HAL_Driver\Src\stm32f1xx_hal_tim_ex.c 0x00000000   Number         0  stm32f1xx_hal_tim_ex.o ABSOLUTE
    ..\Drivers\STM32F1xx_HAL_Driver\Src\stm32f1xx_ll_usb.c 0x00000000   Number         0  stm32f1xx_ll_usb.o ABSOLUTE
    ..\Middlewares\ST\STM32_USB_Device_Library\Class\HID\Src\usbd_hid.c 0x00000000   Number         0  usbd_hid.o ABSOLUTE
    ..\Middlewares\ST\STM32_USB_Device_Library\Core\Src\usbd_core.c 0x00000000   Number         0  usbd_core.o ABSOLUTE
    ..\Middlewares\ST\STM32_USB_Device_Library\Core\Src\usbd_ctlreq.c 0x00000000   Number         0  usbd_ctlreq.o ABSOLUTE
    ..\Middlewares\ST\STM32_USB_Device_Library\Core\Src\usbd_ioreq.c 0x00000000   Number         0  usbd_ioreq.o ABSOLUTE
    ..\MyCode\Delay.c                        0x00000000   Number         0  delay.o ABSOLUTE
    ..\MyCode\OLED.c                         0x00000000   Number         0  oled.o ABSOLUTE
    ..\MyCode\OLED_Data.c                    0x00000000   Number         0  oled_data.o ABSOLUTE
    ..\MyCode\PAW3395.c                      0x00000000   Number         0  paw3395.o ABSOLUTE
    ..\MyCode\myMouse.c                      0x00000000   Number         0  mymouse.o ABSOLUTE
    ..\MyCode\usr_spi.c                      0x00000000   Number         0  usr_spi.o ABSOLUTE
    ..\USB_DEVICE\App\usb_device.c           0x00000000   Number         0  usb_device.o ABSOLUTE
    ..\USB_DEVICE\App\usbd_desc.c            0x00000000   Number         0  usbd_desc.o ABSOLUTE
    ..\USB_DEVICE\Target\usbd_conf.c         0x00000000   Number         0  usbd_conf.o ABSOLUTE
    ..\\Middlewares\\ST\\STM32_USB_Device_Library\\Class\\HID\\Src\\usbd_hid.c 0x00000000   Number         0  usbd_hid.o ABSOLUTE
    ..\\MyCode\\OLED.c                       0x00000000   Number         0  oled.o ABSOLUTE
    ..\\MyCode\\PAW3395.c                    0x00000000   Number         0  paw3395.o ABSOLUTE
    ..\\MyCode\\myMouse.c                    0x00000000   Number         0  mymouse.o ABSOLUTE
    ..\\MyCode\\usr_spi.c                    0x00000000   Number         0  usr_spi.o ABSOLUTE
    cdcmple.s                                0x00000000   Number         0  cdcmple.o ABSOLUTE
    cdrcmple.s                               0x00000000   Number         0  cdrcmple.o ABSOLUTE
    dc.s                                     0x00000000   Number         0  dc.o ABSOLUTE
    handlers.s                               0x00000000   Number         0  handlers.o ABSOLUTE
    init.s                                   0x00000000   Number         0  init.o ABSOLUTE
    startup_stm32f103xb.s                    0x00000000   Number         0  startup_stm32f103xb.o ABSOLUTE
    RESET                                    0x08000000   Section      236  startup_stm32f103xb.o(RESET)
    .ARM.Collect$$$$00000000                 0x080000ec   Section        0  entry.o(.ARM.Collect$$$$00000000)
    .ARM.Collect$$$$00000001                 0x080000ec   Section        4  entry2.o(.ARM.Collect$$$$00000001)
    .ARM.Collect$$$$00000004                 0x080000f0   Section        4  entry5.o(.ARM.Collect$$$$00000004)
    .ARM.Collect$$$$00000008                 0x080000f4   Section        0  entry7b.o(.ARM.Collect$$$$00000008)
    .ARM.Collect$$$$0000000A                 0x080000f4   Section        0  entry8b.o(.ARM.Collect$$$$0000000A)
    .ARM.Collect$$$$0000000B                 0x080000f4   Section        8  entry9a.o(.ARM.Collect$$$$0000000B)
    .ARM.Collect$$$$0000000D                 0x080000fc   Section        0  entry10a.o(.ARM.Collect$$$$0000000D)
    .ARM.Collect$$$$0000000F                 0x080000fc   Section        0  entry11a.o(.ARM.Collect$$$$0000000F)
    .ARM.Collect$$$$00002712                 0x080000fc   Section        4  entry2.o(.ARM.Collect$$$$00002712)
    __lit__00000000                          0x080000fc   Data           4  entry2.o(.ARM.Collect$$$$00002712)
    .text                                    0x08000100   Section       36  startup_stm32f103xb.o(.text)
    .text                                    0x08000124   Section        0  memcpya.o(.text)
    .text                                    0x08000148   Section        0  memseta.o(.text)
    .text                                    0x0800016c   Section       36  init.o(.text)
    .text                                    0x08000190   Section        0  __dczerorl2.o(.text)
    i.BusFault_Handler                       0x080001e6   Section        0  stm32f1xx_it.o(i.BusFault_Handler)
    i.DPI_Config                             0x080001e8   Section        0  paw3395.o(i.DPI_Config)
    i.DebugMon_Handler                       0x08000240   Section        0  stm32f1xx_it.o(i.DebugMon_Handler)
    i.EXTI1_IRQHandler                       0x08000242   Section        0  stm32f1xx_it.o(i.EXTI1_IRQHandler)
    i.Error_Handler                          0x08000248   Section        0  main.o(i.Error_Handler)
    i.HAL_Delay                              0x0800024c   Section        0  stm32f1xx_hal.o(i.HAL_Delay)
    i.HAL_GPIO_EXTI_Callback                 0x08000270   Section        0  stm32f1xx_hal_gpio.o(i.HAL_GPIO_EXTI_Callback)
    i.HAL_GPIO_EXTI_IRQHandler               0x08000274   Section        0  stm32f1xx_hal_gpio.o(i.HAL_GPIO_EXTI_IRQHandler)
    i.HAL_GPIO_Init                          0x0800028c   Section        0  stm32f1xx_hal_gpio.o(i.HAL_GPIO_Init)
    i.HAL_GPIO_ReadPin                       0x0800046c   Section        0  stm32f1xx_hal_gpio.o(i.HAL_GPIO_ReadPin)
    i.HAL_GPIO_TogglePin                     0x08000476   Section        0  stm32f1xx_hal_gpio.o(i.HAL_GPIO_TogglePin)
    i.HAL_GPIO_WritePin                      0x08000486   Section        0  stm32f1xx_hal_gpio.o(i.HAL_GPIO_WritePin)
    i.HAL_GetTick                            0x08000490   Section        0  stm32f1xx_hal.o(i.HAL_GetTick)
    i.HAL_I2C_Init                           0x0800049c   Section        0  stm32f1xx_hal_i2c.o(i.HAL_I2C_Init)
    i.HAL_I2C_MspInit                        0x08000624   Section        0  i2c.o(i.HAL_I2C_MspInit)
    i.HAL_IncTick                            0x08000684   Section        0  stm32f1xx_hal.o(i.HAL_IncTick)
    i.HAL_Init                               0x08000694   Section        0  stm32f1xx_hal.o(i.HAL_Init)
    i.HAL_InitTick                           0x080006b8   Section        0  stm32f1xx_hal.o(i.HAL_InitTick)
    i.HAL_MspInit                            0x080006f8   Section        0  stm32f1xx_hal_msp.o(i.HAL_MspInit)
    i.HAL_NVIC_EnableIRQ                     0x08000734   Section        0  stm32f1xx_hal_cortex.o(i.HAL_NVIC_EnableIRQ)
    i.HAL_NVIC_SetPriority                   0x08000750   Section        0  stm32f1xx_hal_cortex.o(i.HAL_NVIC_SetPriority)
    i.HAL_NVIC_SetPriorityGrouping           0x08000790   Section        0  stm32f1xx_hal_cortex.o(i.HAL_NVIC_SetPriorityGrouping)
    i.HAL_PCDEx_PMAConfig                    0x080007b4   Section        0  stm32f1xx_hal_pcd_ex.o(i.HAL_PCDEx_PMAConfig)
    i.HAL_PCDEx_SetConnectionState           0x080007f0   Section        0  usbd_conf.o(i.HAL_PCDEx_SetConnectionState)
    i.HAL_PCD_DataInStageCallback            0x080007f2   Section        0  usbd_conf.o(i.HAL_PCD_DataInStageCallback)
    i.HAL_PCD_DataOutStageCallback           0x08000804   Section        0  usbd_conf.o(i.HAL_PCD_DataOutStageCallback)
    i.HAL_PCD_EP_Close                       0x08000818   Section        0  stm32f1xx_hal_pcd.o(i.HAL_PCD_EP_Close)
    i.HAL_PCD_EP_ClrStall                    0x08000864   Section        0  stm32f1xx_hal_pcd.o(i.HAL_PCD_EP_ClrStall)
    i.HAL_PCD_EP_DB_Receive                  0x080008c0   Section        0  stm32f1xx_hal_pcd.o(i.HAL_PCD_EP_DB_Receive)
    HAL_PCD_EP_DB_Receive                    0x080008c1   Thumb Code   230  stm32f1xx_hal_pcd.o(i.HAL_PCD_EP_DB_Receive)
    i.HAL_PCD_EP_DB_Transmit                 0x080009a6   Section        0  stm32f1xx_hal_pcd.o(i.HAL_PCD_EP_DB_Transmit)
    HAL_PCD_EP_DB_Transmit                   0x080009a7   Thumb Code   824  stm32f1xx_hal_pcd.o(i.HAL_PCD_EP_DB_Transmit)
    i.HAL_PCD_EP_Open                        0x08000cde   Section        0  stm32f1xx_hal_pcd.o(i.HAL_PCD_EP_Open)
    i.HAL_PCD_EP_Receive                     0x08000d38   Section        0  stm32f1xx_hal_pcd.o(i.HAL_PCD_EP_Receive)
    i.HAL_PCD_EP_SetStall                    0x08000d66   Section        0  stm32f1xx_hal_pcd.o(i.HAL_PCD_EP_SetStall)
    i.HAL_PCD_EP_Transmit                    0x08000dd8   Section        0  stm32f1xx_hal_pcd.o(i.HAL_PCD_EP_Transmit)
    i.HAL_PCD_IRQHandler                     0x08000e08   Section        0  stm32f1xx_hal_pcd.o(i.HAL_PCD_IRQHandler)
    i.HAL_PCD_Init                           0x08000f3c   Section        0  stm32f1xx_hal_pcd.o(i.HAL_PCD_Init)
    i.HAL_PCD_MspInit                        0x08001018   Section        0  usbd_conf.o(i.HAL_PCD_MspInit)
    i.HAL_PCD_ResetCallback                  0x08001054   Section        0  usbd_conf.o(i.HAL_PCD_ResetCallback)
    i.HAL_PCD_ResumeCallback                 0x0800107a   Section        0  usbd_conf.o(i.HAL_PCD_ResumeCallback)
    i.HAL_PCD_SOFCallback                    0x08001082   Section        0  usbd_conf.o(i.HAL_PCD_SOFCallback)
    i.HAL_PCD_SetAddress                     0x0800108a   Section        0  stm32f1xx_hal_pcd.o(i.HAL_PCD_SetAddress)
    i.HAL_PCD_SetupStageCallback             0x080010b2   Section        0  usbd_conf.o(i.HAL_PCD_SetupStageCallback)
    i.HAL_PCD_Start                          0x080010c0   Section        0  stm32f1xx_hal_pcd.o(i.HAL_PCD_Start)
    i.HAL_PCD_SuspendCallback                0x080010f4   Section        0  usbd_conf.o(i.HAL_PCD_SuspendCallback)
    i.HAL_RCCEx_PeriphCLKConfig              0x08001118   Section        0  stm32f1xx_hal_rcc_ex.o(i.HAL_RCCEx_PeriphCLKConfig)
    i.HAL_RCC_ClockConfig                    0x08001204   Section        0  stm32f1xx_hal_rcc.o(i.HAL_RCC_ClockConfig)
    i.HAL_RCC_GetPCLK1Freq                   0x08001330   Section        0  stm32f1xx_hal_rcc.o(i.HAL_RCC_GetPCLK1Freq)
    i.HAL_RCC_GetSysClockFreq                0x08001350   Section        0  stm32f1xx_hal_rcc.o(i.HAL_RCC_GetSysClockFreq)
    i.HAL_RCC_OscConfig                      0x0800139c   Section        0  stm32f1xx_hal_rcc.o(i.HAL_RCC_OscConfig)
    i.HAL_SPI_Init                           0x080016bc   Section        0  stm32f1xx_hal_spi.o(i.HAL_SPI_Init)
    i.HAL_SPI_MspInit                        0x0800177c   Section        0  spi.o(i.HAL_SPI_MspInit)
    i.HAL_SYSTICK_Config                     0x080017ec   Section        0  stm32f1xx_hal_cortex.o(i.HAL_SYSTICK_Config)
    i.HAL_TIMEx_BreakCallback                0x08001814   Section        0  stm32f1xx_hal_tim_ex.o(i.HAL_TIMEx_BreakCallback)
    i.HAL_TIMEx_CommutCallback               0x08001816   Section        0  stm32f1xx_hal_tim_ex.o(i.HAL_TIMEx_CommutCallback)
    i.HAL_TIMEx_MasterConfigSynchronization  0x08001818   Section        0  stm32f1xx_hal_tim_ex.o(i.HAL_TIMEx_MasterConfigSynchronization)
    i.HAL_TIM_Base_Init                      0x08001880   Section        0  stm32f1xx_hal_tim.o(i.HAL_TIM_Base_Init)
    i.HAL_TIM_Base_MspInit                   0x080018dc   Section        0  tim.o(i.HAL_TIM_Base_MspInit)
    i.HAL_TIM_Base_Start_IT                  0x08001918   Section        0  stm32f1xx_hal_tim.o(i.HAL_TIM_Base_Start_IT)
    i.HAL_TIM_ConfigClockSource              0x08001970   Section        0  stm32f1xx_hal_tim.o(i.HAL_TIM_ConfigClockSource)
    i.HAL_TIM_Encoder_Init                   0x08001a4c   Section        0  stm32f1xx_hal_tim.o(i.HAL_TIM_Encoder_Init)
    i.HAL_TIM_Encoder_MspInit                0x08001af0   Section        0  tim.o(i.HAL_TIM_Encoder_MspInit)
    i.HAL_TIM_Encoder_Start                  0x08001b44   Section        0  stm32f1xx_hal_tim.o(i.HAL_TIM_Encoder_Start)
    i.HAL_TIM_IC_CaptureCallback             0x08001bd2   Section        0  stm32f1xx_hal_tim.o(i.HAL_TIM_IC_CaptureCallback)
    i.HAL_TIM_IRQHandler                     0x08001bd4   Section        0  stm32f1xx_hal_tim.o(i.HAL_TIM_IRQHandler)
    i.HAL_TIM_OC_DelayElapsedCallback        0x08001d3a   Section        0  stm32f1xx_hal_tim.o(i.HAL_TIM_OC_DelayElapsedCallback)
    i.HAL_TIM_PWM_PulseFinishedCallback      0x08001d3c   Section        0  stm32f1xx_hal_tim.o(i.HAL_TIM_PWM_PulseFinishedCallback)
    i.HAL_TIM_PeriodElapsedCallback          0x08001d40   Section        0  main.o(i.HAL_TIM_PeriodElapsedCallback)
    i.HAL_TIM_TriggerCallback                0x08001d6c   Section        0  stm32f1xx_hal_tim.o(i.HAL_TIM_TriggerCallback)
    i.HardFault_Handler                      0x08001d6e   Section        0  stm32f1xx_it.o(i.HardFault_Handler)
    i.IntToUnicode                           0x08001d70   Section        0  usbd_desc.o(i.IntToUnicode)
    IntToUnicode                             0x08001d71   Thumb Code    56  usbd_desc.o(i.IntToUnicode)
    i.Key_Read                               0x08001da8   Section        0  main.o(i.Key_Read)
    i.Key_Task                               0x08001df4   Section        0  main.o(i.Key_Task)
    i.LED_Task                               0x08001e74   Section        0  main.o(i.LED_Task)
    i.MX_GPIO_Init                           0x08001ed0   Section        0  gpio.o(i.MX_GPIO_Init)
    i.MX_I2C2_Init                           0x08001fb0   Section        0  i2c.o(i.MX_I2C2_Init)
    i.MX_SPI1_Init                           0x08001ff0   Section        0  spi.o(i.MX_SPI1_Init)
    i.MX_TIM2_Init                           0x0800203c   Section        0  tim.o(i.MX_TIM2_Init)
    i.MX_TIM3_Init                           0x080020a4   Section        0  tim.o(i.MX_TIM3_Init)
    i.MX_USB_DEVICE_Init                     0x0800210c   Section        0  usb_device.o(i.MX_USB_DEVICE_Init)
    i.MemManage_Handler                      0x0800214c   Section        0  stm32f1xx_it.o(i.MemManage_Handler)
    i.Motion_Burst                           0x08002150   Section        0  paw3395.o(i.Motion_Burst)
    i.Mouse_XY_Updata                        0x0800219c   Section        0  main.o(i.Mouse_XY_Updata)
    i.Mouse_wheel_Updata                     0x080021d0   Section        0  main.o(i.Mouse_wheel_Updata)
    i.NMI_Handler                            0x08002204   Section        0  stm32f1xx_it.o(i.NMI_Handler)
    i.PCD_EP_ISR_Handler                     0x08002206   Section        0  stm32f1xx_hal_pcd.o(i.PCD_EP_ISR_Handler)
    PCD_EP_ISR_Handler                       0x08002207   Thumb Code   940  stm32f1xx_hal_pcd.o(i.PCD_EP_ISR_Handler)
    i.PendSV_Handler                         0x080025b2   Section        0  stm32f1xx_it.o(i.PendSV_Handler)
    i.Power_Up_Initializaton_Register_Setting 0x080025b4   Section        0  paw3395.o(i.Power_Up_Initializaton_Register_Setting)
    Power_Up_Initializaton_Register_Setting  0x080025b5   Thumb Code  1202  paw3395.o(i.Power_Up_Initializaton_Register_Setting)
    i.Power_up_sequence                      0x08002a68   Section        0  paw3395.o(i.Power_up_sequence)
    i.SPI_I2S_GetFlagStatus                  0x08002af4   Section        0  usr_spi.o(i.SPI_I2S_GetFlagStatus)
    i.SPI_SendReceive                        0x08002b04   Section        0  usr_spi.o(i.SPI_SendReceive)
    i.SVC_Handler                            0x08002b30   Section        0  stm32f1xx_it.o(i.SVC_Handler)
    i.SysTick_Handler                        0x08002b32   Section        0  stm32f1xx_it.o(i.SysTick_Handler)
    i.SystemClock_Config                     0x08002b36   Section        0  main.o(i.SystemClock_Config)
    i.SystemInit                             0x08002bac   Section        0  system_stm32f1xx.o(i.SystemInit)
    i.TIM3_IRQHandler                        0x08002bb0   Section        0  stm32f1xx_it.o(i.TIM3_IRQHandler)
    i.TIM_Base_SetConfig                     0x08002bbc   Section        0  stm32f1xx_hal_tim.o(i.TIM_Base_SetConfig)
    i.TIM_CCxChannelCmd                      0x08002c28   Section        0  stm32f1xx_hal_tim.o(i.TIM_CCxChannelCmd)
    i.TIM_ETR_SetConfig                      0x08002c42   Section        0  stm32f1xx_hal_tim.o(i.TIM_ETR_SetConfig)
    i.TIM_ITRx_SetConfig                     0x08002c56   Section        0  stm32f1xx_hal_tim.o(i.TIM_ITRx_SetConfig)
    TIM_ITRx_SetConfig                       0x08002c57   Thumb Code    16  stm32f1xx_hal_tim.o(i.TIM_ITRx_SetConfig)
    i.TIM_TI1_ConfigInputStage               0x08002c66   Section        0  stm32f1xx_hal_tim.o(i.TIM_TI1_ConfigInputStage)
    TIM_TI1_ConfigInputStage                 0x08002c67   Thumb Code    34  stm32f1xx_hal_tim.o(i.TIM_TI1_ConfigInputStage)
    i.TIM_TI2_ConfigInputStage               0x08002c88   Section        0  stm32f1xx_hal_tim.o(i.TIM_TI2_ConfigInputStage)
    TIM_TI2_ConfigInputStage                 0x08002c89   Thumb Code    36  stm32f1xx_hal_tim.o(i.TIM_TI2_ConfigInputStage)
    i.Task_Init                              0x08002cac   Section        0  main.o(i.Task_Init)
    i.Task_Run                               0x08002ccc   Section        0  main.o(i.Task_Run)
    i.USBD_ClrClassConfig                    0x08002cfc   Section        0  usbd_core.o(i.USBD_ClrClassConfig)
    i.USBD_CtlContinueRx                     0x08002d0a   Section        0  usbd_ioreq.o(i.USBD_CtlContinueRx)
    i.USBD_CtlContinueSendData               0x08002d1a   Section        0  usbd_ioreq.o(i.USBD_CtlContinueSendData)
    i.USBD_CtlError                          0x08002d2a   Section        0  usbd_ctlreq.o(i.USBD_CtlError)
    i.USBD_CtlReceiveStatus                  0x08002d40   Section        0  usbd_ioreq.o(i.USBD_CtlReceiveStatus)
    i.USBD_CtlSendData                       0x08002d56   Section        0  usbd_ioreq.o(i.USBD_CtlSendData)
    i.USBD_CtlSendStatus                     0x08002d70   Section        0  usbd_ioreq.o(i.USBD_CtlSendStatus)
    i.USBD_FS_ConfigStrDescriptor            0x08002d88   Section        0  usbd_desc.o(i.USBD_FS_ConfigStrDescriptor)
    i.USBD_FS_DeviceDescriptor               0x08002da8   Section        0  usbd_desc.o(i.USBD_FS_DeviceDescriptor)
    i.USBD_FS_InterfaceStrDescriptor         0x08002db4   Section        0  usbd_desc.o(i.USBD_FS_InterfaceStrDescriptor)
    i.USBD_FS_LangIDStrDescriptor            0x08002dd8   Section        0  usbd_desc.o(i.USBD_FS_LangIDStrDescriptor)
    i.USBD_FS_ManufacturerStrDescriptor      0x08002de4   Section        0  usbd_desc.o(i.USBD_FS_ManufacturerStrDescriptor)
    i.USBD_FS_ProductStrDescriptor           0x08002e0c   Section        0  usbd_desc.o(i.USBD_FS_ProductStrDescriptor)
    i.USBD_FS_SerialStrDescriptor            0x08002e38   Section        0  usbd_desc.o(i.USBD_FS_SerialStrDescriptor)
    i.USBD_GetDescriptor                     0x08002e70   Section        0  usbd_ctlreq.o(i.USBD_GetDescriptor)
    USBD_GetDescriptor                       0x08002e71   Thumb Code   232  usbd_ctlreq.o(i.USBD_GetDescriptor)
    i.USBD_GetString                         0x08002f58   Section        0  usbd_ctlreq.o(i.USBD_GetString)
    i.USBD_Get_USB_Status                    0x08002fa0   Section        0  usbd_conf.o(i.USBD_Get_USB_Status)
    USBD_Get_USB_Status                      0x08002fa1   Thumb Code    24  usbd_conf.o(i.USBD_Get_USB_Status)
    i.USBD_HID_DataIn                        0x08002fb8   Section        0  usbd_hid.o(i.USBD_HID_DataIn)
    USBD_HID_DataIn                          0x08002fb9   Thumb Code    12  usbd_hid.o(i.USBD_HID_DataIn)
    i.USBD_HID_DeInit                        0x08002fc4   Section        0  usbd_hid.o(i.USBD_HID_DeInit)
    USBD_HID_DeInit                          0x08002fc5   Thumb Code    32  usbd_hid.o(i.USBD_HID_DeInit)
    i.USBD_HID_GetDeviceQualifierDesc        0x08002fe4   Section        0  usbd_hid.o(i.USBD_HID_GetDeviceQualifierDesc)
    USBD_HID_GetDeviceQualifierDesc          0x08002fe5   Thumb Code     8  usbd_hid.o(i.USBD_HID_GetDeviceQualifierDesc)
    i.USBD_HID_GetFSCfgDesc                  0x08002ff0   Section        0  usbd_hid.o(i.USBD_HID_GetFSCfgDesc)
    USBD_HID_GetFSCfgDesc                    0x08002ff1   Thumb Code     8  usbd_hid.o(i.USBD_HID_GetFSCfgDesc)
    i.USBD_HID_GetHSCfgDesc                  0x08002ffc   Section        0  usbd_hid.o(i.USBD_HID_GetHSCfgDesc)
    USBD_HID_GetHSCfgDesc                    0x08002ffd   Thumb Code     8  usbd_hid.o(i.USBD_HID_GetHSCfgDesc)
    i.USBD_HID_GetOtherSpeedCfgDesc          0x08003008   Section        0  usbd_hid.o(i.USBD_HID_GetOtherSpeedCfgDesc)
    USBD_HID_GetOtherSpeedCfgDesc            0x08003009   Thumb Code     8  usbd_hid.o(i.USBD_HID_GetOtherSpeedCfgDesc)
    i.USBD_HID_Init                          0x08003014   Section        0  usbd_hid.o(i.USBD_HID_Init)
    USBD_HID_Init                            0x08003015   Thumb Code    42  usbd_hid.o(i.USBD_HID_Init)
    i.USBD_HID_SendReport                    0x0800303e   Section        0  usbd_hid.o(i.USBD_HID_SendReport)
    i.USBD_HID_Setup                         0x08003064   Section        0  usbd_hid.o(i.USBD_HID_Setup)
    USBD_HID_Setup                           0x08003065   Thumb Code   196  usbd_hid.o(i.USBD_HID_Setup)
    i.USBD_Init                              0x0800312c   Section        0  usbd_core.o(i.USBD_Init)
    i.USBD_LL_ClearStallEP                   0x08003156   Section        0  usbd_conf.o(i.USBD_LL_ClearStallEP)
    i.USBD_LL_CloseEP                        0x08003168   Section        0  usbd_conf.o(i.USBD_LL_CloseEP)
    i.USBD_LL_DataInStage                    0x0800317a   Section        0  usbd_core.o(i.USBD_LL_DataInStage)
    i.USBD_LL_DataOutStage                   0x08003240   Section        0  usbd_core.o(i.USBD_LL_DataOutStage)
    i.USBD_LL_Init                           0x080032c4   Section        0  usbd_conf.o(i.USBD_LL_Init)
    i.USBD_LL_IsStallEP                      0x0800332c   Section        0  usbd_conf.o(i.USBD_LL_IsStallEP)
    i.USBD_LL_OpenEP                         0x0800334c   Section        0  usbd_conf.o(i.USBD_LL_OpenEP)
    i.USBD_LL_PrepareReceive                 0x08003364   Section        0  usbd_conf.o(i.USBD_LL_PrepareReceive)
    i.USBD_LL_Reset                          0x08003376   Section        0  usbd_core.o(i.USBD_LL_Reset)
    i.USBD_LL_Resume                         0x080033c6   Section        0  usbd_core.o(i.USBD_LL_Resume)
    i.USBD_LL_SOF                            0x080033da   Section        0  usbd_core.o(i.USBD_LL_SOF)
    i.USBD_LL_SetSpeed                       0x080033f2   Section        0  usbd_core.o(i.USBD_LL_SetSpeed)
    i.USBD_LL_SetUSBAddress                  0x080033f8   Section        0  usbd_conf.o(i.USBD_LL_SetUSBAddress)
    i.USBD_LL_SetupStage                     0x0800340a   Section        0  usbd_core.o(i.USBD_LL_SetupStage)
    i.USBD_LL_StallEP                        0x08003464   Section        0  usbd_conf.o(i.USBD_LL_StallEP)
    i.USBD_LL_Start                          0x08003476   Section        0  usbd_conf.o(i.USBD_LL_Start)
    i.USBD_LL_Suspend                        0x08003488   Section        0  usbd_core.o(i.USBD_LL_Suspend)
    i.USBD_LL_Transmit                       0x0800349a   Section        0  usbd_conf.o(i.USBD_LL_Transmit)
    i.USBD_ParseSetupRequest                 0x080034ac   Section        0  usbd_ctlreq.o(i.USBD_ParseSetupRequest)
    i.USBD_RegisterClass                     0x080034d4   Section        0  usbd_core.o(i.USBD_RegisterClass)
    i.USBD_SetClassConfig                    0x080034e4   Section        0  usbd_core.o(i.USBD_SetClassConfig)
    i.USBD_SetConfig                         0x080034fc   Section        0  usbd_ctlreq.o(i.USBD_SetConfig)
    USBD_SetConfig                           0x080034fd   Thumb Code   128  usbd_ctlreq.o(i.USBD_SetConfig)
    i.USBD_Start                             0x08003580   Section        0  usbd_core.o(i.USBD_Start)
    i.USBD_StdDevReq                         0x0800358a   Section        0  usbd_ctlreq.o(i.USBD_StdDevReq)
    i.USBD_StdEPReq                          0x0800369c   Section        0  usbd_ctlreq.o(i.USBD_StdEPReq)
    i.USBD_StdItfReq                         0x080037ec   Section        0  usbd_ctlreq.o(i.USBD_StdItfReq)
    i.USBD_static_free                       0x0800383a   Section        0  usbd_conf.o(i.USBD_static_free)
    i.USBD_static_malloc                     0x0800383c   Section        0  usbd_conf.o(i.USBD_static_malloc)
    i.USB_ActivateEndpoint                   0x08003844   Section        0  stm32f1xx_ll_usb.o(i.USB_ActivateEndpoint)
    i.USB_CoreInit                           0x08003ae0   Section        0  stm32f1xx_ll_usb.o(i.USB_CoreInit)
    i.USB_DeactivateEndpoint                 0x08003ae4   Section        0  stm32f1xx_ll_usb.o(i.USB_DeactivateEndpoint)
    i.USB_DevConnect                         0x08003bf2   Section        0  stm32f1xx_ll_usb.o(i.USB_DevConnect)
    i.USB_DevDisconnect                      0x08003bf6   Section        0  stm32f1xx_ll_usb.o(i.USB_DevDisconnect)
    i.USB_DevInit                            0x08003bfa   Section        0  stm32f1xx_ll_usb.o(i.USB_DevInit)
    i.USB_DisableGlobalInt                   0x08003c0c   Section        0  stm32f1xx_ll_usb.o(i.USB_DisableGlobalInt)
    i.USB_EP0_OutStart                       0x08003c1a   Section        0  stm32f1xx_ll_usb.o(i.USB_EP0_OutStart)
    i.USB_EPClearStall                       0x08003c1e   Section        0  stm32f1xx_ll_usb.o(i.USB_EPClearStall)
    i.USB_EPSetStall                         0x08003c96   Section        0  stm32f1xx_ll_usb.o(i.USB_EPSetStall)
    i.USB_EPStartXfer                        0x08003cc8   Section        0  stm32f1xx_ll_usb.o(i.USB_EPStartXfer)
    i.USB_EnableGlobalInt                    0x080041aa   Section        0  stm32f1xx_ll_usb.o(i.USB_EnableGlobalInt)
    i.USB_LP_CAN1_RX0_IRQHandler             0x080041bc   Section        0  stm32f1xx_it.o(i.USB_LP_CAN1_RX0_IRQHandler)
    i.USB_ReadInterrupts                     0x080041c8   Section        0  stm32f1xx_ll_usb.o(i.USB_ReadInterrupts)
    i.USB_ReadPMA                            0x080041d0   Section        0  stm32f1xx_ll_usb.o(i.USB_ReadPMA)
    i.USB_SetCurrentMode                     0x080041fc   Section        0  stm32f1xx_ll_usb.o(i.USB_SetCurrentMode)
    i.USB_SetDevAddress                      0x08004200   Section        0  stm32f1xx_ll_usb.o(i.USB_SetDevAddress)
    i.USB_WritePMA                           0x0800420c   Section        0  stm32f1xx_ll_usb.o(i.USB_WritePMA)
    i.UsageFault_Handler                     0x08004232   Section        0  stm32f1xx_it.o(i.UsageFault_Handler)
    i.__NVIC_SetPriority                     0x08004234   Section        0  stm32f1xx_hal_cortex.o(i.__NVIC_SetPriority)
    __NVIC_SetPriority                       0x08004235   Thumb Code    32  stm32f1xx_hal_cortex.o(i.__NVIC_SetPriority)
    i.__scatterload_copy                     0x08004254   Section       14  handlers.o(i.__scatterload_copy)
    i.__scatterload_null                     0x08004262   Section        2  handlers.o(i.__scatterload_null)
    i.__scatterload_zeroinit                 0x08004264   Section       14  handlers.o(i.__scatterload_zeroinit)
    i.delay_125_ns                           0x08004272   Section        0  delay.o(i.delay_125_ns)
    i.delay_init                             0x08004290   Section        0  delay.o(i.delay_init)
    i.delay_ms                               0x080042bc   Section        0  delay.o(i.delay_ms)
    i.delay_us                               0x080042e4   Section        0  delay.o(i.delay_us)
    i.main                                   0x0800430c   Section        0  main.o(i.main)
    i.myMouse_init                           0x0800438c   Section        0  mymouse.o(i.myMouse_init)
    i.myMouse_update                         0x080043a4   Section        0  mymouse.o(i.myMouse_update)
    i.read_register                          0x08004408   Section        0  usr_spi.o(i.read_register)
    i.writr_register                         0x08004438   Section        0  usr_spi.o(i.writr_register)
    .constdata                               0x08004478   Section       18  stm32f1xx_hal_rcc.o(.constdata)
    aPredivFactorTable                       0x08004478   Data           2  stm32f1xx_hal_rcc.o(.constdata)
    aPLLMULFactorTable                       0x0800447a   Data          16  stm32f1xx_hal_rcc.o(.constdata)
    .constdata                               0x0800448a   Section       16  system_stm32f1xx.o(.constdata)
    .constdata                               0x0800449a   Section        8  system_stm32f1xx.o(.constdata)
    .data                                    0x20000000   Section       76  main.o(.data)
    blink_cnt                                0x20000005   Data           1  main.o(.data)
    LED_tick_ms                              0x20000014   Data           4  main.o(.data)
    .data                                    0x2000004c   Section       28  usbd_desc.o(.data)
    .data                                    0x20000068   Section       50  usbd_desc.o(.data)
    .data                                    0x2000009c   Section       12  stm32f1xx_hal.o(.data)
    .data                                    0x200000a8   Section        4  system_stm32f1xx.o(.data)
    .data                                    0x200000ac   Section        1  usbd_ctlreq.o(.data)
    cfgidx                                   0x200000ac   Data           1  usbd_ctlreq.o(.data)
    .data                                    0x200000b0   Section       56  usbd_hid.o(.data)
    .data                                    0x200000e8   Section      201  usbd_hid.o(.data)
    USBD_HID_CfgFSDesc                       0x200000e8   Data          34  usbd_hid.o(.data)
    USBD_HID_CfgHSDesc                       0x2000010c   Data          34  usbd_hid.o(.data)
    USBD_HID_OtherSpeedCfgDesc               0x20000130   Data          34  usbd_hid.o(.data)
    USBD_HID_Desc                            0x20000154   Data           9  usbd_hid.o(.data)
    USBD_HID_DeviceQualifierDesc             0x20000160   Data          10  usbd_hid.o(.data)
    HID_MOUSE_ReportDesc                     0x2000016c   Data          69  usbd_hid.o(.data)
    .data                                    0x200001b2   Section        4  delay.o(.data)
    .bss                                     0x200001b8   Section       12  main.o(.bss)
    .bss                                     0x200001c4   Section       84  i2c.o(.bss)
    .bss                                     0x20000218   Section       88  spi.o(.bss)
    .bss                                     0x20000270   Section      144  tim.o(.bss)
    .bss                                     0x20000300   Section      708  usb_device.o(.bss)
    .bss                                     0x200005c4   Section      512  usbd_desc.o(.bss)
    .bss                                     0x200007c4   Section      772  usbd_conf.o(.bss)
    mem                                      0x200007c4   Data          20  usbd_conf.o(.bss)
    STACK                                    0x20000ac8   Section     1024  startup_stm32f103xb.o(STACK)

    Global Symbols

    Symbol Name                              Value     Ov Type        Size  Object(Section)

    BuildAttributes$$THM_ISAv4$P$D$K$B$S$PE$A:L22UL41UL21$X:L11$S22US41US21$IEEE1$IW$USESV6$~STKCKD$USESV7$~SHL$OTIME$ROPI$IEEEX$EBA8$MICROLIB$REQ8$PRES8$EABIv2 0x00000000   Number         0  anon$$obj.o ABSOLUTE
    __ARM_use_no_argv                        0x00000000   Number         0  main.o ABSOLUTE
    __cpp_initialize__aeabi_                  - Undefined Weak Reference
    __cxa_finalize                            - Undefined Weak Reference
    _clock_init                               - Undefined Weak Reference
    _microlib_exit                            - Undefined Weak Reference
    __Vectors_Size                           0x000000ec   Number         0  startup_stm32f103xb.o ABSOLUTE
    __Vectors                                0x08000000   Data           4  startup_stm32f103xb.o(RESET)
    __Vectors_End                            0x080000ec   Data           0  startup_stm32f103xb.o(RESET)
    __main                                   0x080000ed   Thumb Code     0  entry.o(.ARM.Collect$$$$00000000)
    _main_stk                                0x080000ed   Thumb Code     0  entry2.o(.ARM.Collect$$$$00000001)
    _main_scatterload                        0x080000f1   Thumb Code     0  entry5.o(.ARM.Collect$$$$00000004)
    __main_after_scatterload                 0x080000f5   Thumb Code     0  entry5.o(.ARM.Collect$$$$00000004)
    _main_clock                              0x080000f5   Thumb Code     0  entry7b.o(.ARM.Collect$$$$00000008)
    _main_cpp_init                           0x080000f5   Thumb Code     0  entry8b.o(.ARM.Collect$$$$0000000A)
    _main_init                               0x080000f5   Thumb Code     0  entry9a.o(.ARM.Collect$$$$0000000B)
    __rt_final_cpp                           0x080000fd   Thumb Code     0  entry10a.o(.ARM.Collect$$$$0000000D)
    __rt_final_exit                          0x080000fd   Thumb Code     0  entry11a.o(.ARM.Collect$$$$0000000F)
    Reset_Handler                            0x08000101   Thumb Code     8  startup_stm32f103xb.o(.text)
    ADC1_2_IRQHandler                        0x0800011b   Thumb Code     0  startup_stm32f103xb.o(.text)
    CAN1_RX1_IRQHandler                      0x0800011b   Thumb Code     0  startup_stm32f103xb.o(.text)
    CAN1_SCE_IRQHandler                      0x0800011b   Thumb Code     0  startup_stm32f103xb.o(.text)
    DMA1_Channel1_IRQHandler                 0x0800011b   Thumb Code     0  startup_stm32f103xb.o(.text)
    DMA1_Channel2_IRQHandler                 0x0800011b   Thumb Code     0  startup_stm32f103xb.o(.text)
    DMA1_Channel3_IRQHandler                 0x0800011b   Thumb Code     0  startup_stm32f103xb.o(.text)
    DMA1_Channel4_IRQHandler                 0x0800011b   Thumb Code     0  startup_stm32f103xb.o(.text)
    DMA1_Channel5_IRQHandler                 0x0800011b   Thumb Code     0  startup_stm32f103xb.o(.text)
    DMA1_Channel6_IRQHandler                 0x0800011b   Thumb Code     0  startup_stm32f103xb.o(.text)
    DMA1_Channel7_IRQHandler                 0x0800011b   Thumb Code     0  startup_stm32f103xb.o(.text)
    EXTI0_IRQHandler                         0x0800011b   Thumb Code     0  startup_stm32f103xb.o(.text)
    EXTI15_10_IRQHandler                     0x0800011b   Thumb Code     0  startup_stm32f103xb.o(.text)
    EXTI2_IRQHandler                         0x0800011b   Thumb Code     0  startup_stm32f103xb.o(.text)
    EXTI3_IRQHandler                         0x0800011b   Thumb Code     0  startup_stm32f103xb.o(.text)
    EXTI4_IRQHandler                         0x0800011b   Thumb Code     0  startup_stm32f103xb.o(.text)
    EXTI9_5_IRQHandler                       0x0800011b   Thumb Code     0  startup_stm32f103xb.o(.text)
    FLASH_IRQHandler                         0x0800011b   Thumb Code     0  startup_stm32f103xb.o(.text)
    I2C1_ER_IRQHandler                       0x0800011b   Thumb Code     0  startup_stm32f103xb.o(.text)
    I2C1_EV_IRQHandler                       0x0800011b   Thumb Code     0  startup_stm32f103xb.o(.text)
    I2C2_ER_IRQHandler                       0x0800011b   Thumb Code     0  startup_stm32f103xb.o(.text)
    I2C2_EV_IRQHandler                       0x0800011b   Thumb Code     0  startup_stm32f103xb.o(.text)
    PVD_IRQHandler                           0x0800011b   Thumb Code     0  startup_stm32f103xb.o(.text)
    RCC_IRQHandler                           0x0800011b   Thumb Code     0  startup_stm32f103xb.o(.text)
    RTC_Alarm_IRQHandler                     0x0800011b   Thumb Code     0  startup_stm32f103xb.o(.text)
    RTC_IRQHandler                           0x0800011b   Thumb Code     0  startup_stm32f103xb.o(.text)
    SPI1_IRQHandler                          0x0800011b   Thumb Code     0  startup_stm32f103xb.o(.text)
    SPI2_IRQHandler                          0x0800011b   Thumb Code     0  startup_stm32f103xb.o(.text)
    TAMPER_IRQHandler                        0x0800011b   Thumb Code     0  startup_stm32f103xb.o(.text)
    TIM1_BRK_IRQHandler                      0x0800011b   Thumb Code     0  startup_stm32f103xb.o(.text)
    TIM1_CC_IRQHandler                       0x0800011b   Thumb Code     0  startup_stm32f103xb.o(.text)
    TIM1_TRG_COM_IRQHandler                  0x0800011b   Thumb Code     0  startup_stm32f103xb.o(.text)
    TIM1_UP_IRQHandler                       0x0800011b   Thumb Code     0  startup_stm32f103xb.o(.text)
    TIM2_IRQHandler                          0x0800011b   Thumb Code     0  startup_stm32f103xb.o(.text)
    TIM4_IRQHandler                          0x0800011b   Thumb Code     0  startup_stm32f103xb.o(.text)
    USART1_IRQHandler                        0x0800011b   Thumb Code     0  startup_stm32f103xb.o(.text)
    USART2_IRQHandler                        0x0800011b   Thumb Code     0  startup_stm32f103xb.o(.text)
    USART3_IRQHandler                        0x0800011b   Thumb Code     0  startup_stm32f103xb.o(.text)
    USBWakeUp_IRQHandler                     0x0800011b   Thumb Code     0  startup_stm32f103xb.o(.text)
    USB_HP_CAN1_TX_IRQHandler                0x0800011b   Thumb Code     0  startup_stm32f103xb.o(.text)
    WWDG_IRQHandler                          0x0800011b   Thumb Code     0  startup_stm32f103xb.o(.text)
    __aeabi_memcpy                           0x08000125   Thumb Code    36  memcpya.o(.text)
    __aeabi_memcpy4                          0x08000125   Thumb Code     0  memcpya.o(.text)
    __aeabi_memcpy8                          0x08000125   Thumb Code     0  memcpya.o(.text)
    __aeabi_memset                           0x08000149   Thumb Code    14  memseta.o(.text)
    __aeabi_memset4                          0x08000149   Thumb Code     0  memseta.o(.text)
    __aeabi_memset8                          0x08000149   Thumb Code     0  memseta.o(.text)
    __aeabi_memclr                           0x08000157   Thumb Code     4  memseta.o(.text)
    __aeabi_memclr4                          0x08000157   Thumb Code     0  memseta.o(.text)
    __aeabi_memclr8                          0x08000157   Thumb Code     0  memseta.o(.text)
    _memset$wrapper                          0x0800015b   Thumb Code    18  memseta.o(.text)
    __scatterload                            0x0800016d   Thumb Code    28  init.o(.text)
    __scatterload_rt2                        0x0800016d   Thumb Code     0  init.o(.text)
    __decompress                             0x08000191   Thumb Code     0  __dczerorl2.o(.text)
    __decompress1                            0x08000191   Thumb Code    86  __dczerorl2.o(.text)
    BusFault_Handler                         0x080001e7   Thumb Code     2  stm32f1xx_it.o(i.BusFault_Handler)
    DPI_Config                               0x080001e9   Thumb Code    84  paw3395.o(i.DPI_Config)
    DebugMon_Handler                         0x08000241   Thumb Code     2  stm32f1xx_it.o(i.DebugMon_Handler)
    EXTI1_IRQHandler                         0x08000243   Thumb Code     6  stm32f1xx_it.o(i.EXTI1_IRQHandler)
    Error_Handler                            0x08000249   Thumb Code     4  main.o(i.Error_Handler)
    HAL_Delay                                0x0800024d   Thumb Code    32  stm32f1xx_hal.o(i.HAL_Delay)
    HAL_GPIO_EXTI_Callback                   0x08000271   Thumb Code     2  stm32f1xx_hal_gpio.o(i.HAL_GPIO_EXTI_Callback)
    HAL_GPIO_EXTI_IRQHandler                 0x08000275   Thumb Code    18  stm32f1xx_hal_gpio.o(i.HAL_GPIO_EXTI_IRQHandler)
    HAL_GPIO_Init                            0x0800028d   Thumb Code   446  stm32f1xx_hal_gpio.o(i.HAL_GPIO_Init)
    HAL_GPIO_ReadPin                         0x0800046d   Thumb Code    10  stm32f1xx_hal_gpio.o(i.HAL_GPIO_ReadPin)
    HAL_GPIO_TogglePin                       0x08000477   Thumb Code    16  stm32f1xx_hal_gpio.o(i.HAL_GPIO_TogglePin)
    HAL_GPIO_WritePin                        0x08000487   Thumb Code    10  stm32f1xx_hal_gpio.o(i.HAL_GPIO_WritePin)
    HAL_GetTick                              0x08000491   Thumb Code     6  stm32f1xx_hal.o(i.HAL_GetTick)
    HAL_I2C_Init                             0x0800049d   Thumb Code   376  stm32f1xx_hal_i2c.o(i.HAL_I2C_Init)
    HAL_I2C_MspInit                          0x08000625   Thumb Code    82  i2c.o(i.HAL_I2C_MspInit)
    HAL_IncTick                              0x08000685   Thumb Code    12  stm32f1xx_hal.o(i.HAL_IncTick)
    HAL_Init                                 0x08000695   Thumb Code    32  stm32f1xx_hal.o(i.HAL_Init)
    HAL_InitTick                             0x080006b9   Thumb Code    54  stm32f1xx_hal.o(i.HAL_InitTick)
    HAL_MspInit                              0x080006f9   Thumb Code    52  stm32f1xx_hal_msp.o(i.HAL_MspInit)
    HAL_NVIC_EnableIRQ                       0x08000735   Thumb Code    26  stm32f1xx_hal_cortex.o(i.HAL_NVIC_EnableIRQ)
    HAL_NVIC_SetPriority                     0x08000751   Thumb Code    60  stm32f1xx_hal_cortex.o(i.HAL_NVIC_SetPriority)
    HAL_NVIC_SetPriorityGrouping             0x08000791   Thumb Code    26  stm32f1xx_hal_cortex.o(i.HAL_NVIC_SetPriorityGrouping)
    HAL_PCDEx_PMAConfig                      0x080007b5   Thumb Code    60  stm32f1xx_hal_pcd_ex.o(i.HAL_PCDEx_PMAConfig)
    HAL_PCDEx_SetConnectionState             0x080007f1   Thumb Code     2  usbd_conf.o(i.HAL_PCDEx_SetConnectionState)
    HAL_PCD_DataInStageCallback              0x080007f3   Thumb Code    18  usbd_conf.o(i.HAL_PCD_DataInStageCallback)
    HAL_PCD_DataOutStageCallback             0x08000805   Thumb Code    20  usbd_conf.o(i.HAL_PCD_DataOutStageCallback)
    HAL_PCD_EP_Close                         0x08000819   Thumb Code    76  stm32f1xx_hal_pcd.o(i.HAL_PCD_EP_Close)
    HAL_PCD_EP_ClrStall                      0x08000865   Thumb Code    92  stm32f1xx_hal_pcd.o(i.HAL_PCD_EP_ClrStall)
    HAL_PCD_EP_Open                          0x08000cdf   Thumb Code    90  stm32f1xx_hal_pcd.o(i.HAL_PCD_EP_Open)
    HAL_PCD_EP_Receive                       0x08000d39   Thumb Code    46  stm32f1xx_hal_pcd.o(i.HAL_PCD_EP_Receive)
    HAL_PCD_EP_SetStall                      0x08000d67   Thumb Code   114  stm32f1xx_hal_pcd.o(i.HAL_PCD_EP_SetStall)
    HAL_PCD_EP_Transmit                      0x08000dd9   Thumb Code    48  stm32f1xx_hal_pcd.o(i.HAL_PCD_EP_Transmit)
    HAL_PCD_IRQHandler                       0x08000e09   Thumb Code   308  stm32f1xx_hal_pcd.o(i.HAL_PCD_IRQHandler)
    HAL_PCD_Init                             0x08000f3d   Thumb Code   218  stm32f1xx_hal_pcd.o(i.HAL_PCD_Init)
    HAL_PCD_MspInit                          0x08001019   Thumb Code    50  usbd_conf.o(i.HAL_PCD_MspInit)
    HAL_PCD_ResetCallback                    0x08001055   Thumb Code    38  usbd_conf.o(i.HAL_PCD_ResetCallback)
    HAL_PCD_ResumeCallback                   0x0800107b   Thumb Code     8  usbd_conf.o(i.HAL_PCD_ResumeCallback)
    HAL_PCD_SOFCallback                      0x08001083   Thumb Code     8  usbd_conf.o(i.HAL_PCD_SOFCallback)
    HAL_PCD_SetAddress                       0x0800108b   Thumb Code    40  stm32f1xx_hal_pcd.o(i.HAL_PCD_SetAddress)
    HAL_PCD_SetupStageCallback               0x080010b3   Thumb Code    14  usbd_conf.o(i.HAL_PCD_SetupStageCallback)
    HAL_PCD_Start                            0x080010c1   Thumb Code    50  stm32f1xx_hal_pcd.o(i.HAL_PCD_Start)
    HAL_PCD_SuspendCallback                  0x080010f5   Thumb Code    30  usbd_conf.o(i.HAL_PCD_SuspendCallback)
    HAL_RCCEx_PeriphCLKConfig                0x08001119   Thumb Code   224  stm32f1xx_hal_rcc_ex.o(i.HAL_RCCEx_PeriphCLKConfig)
    HAL_RCC_ClockConfig                      0x08001205   Thumb Code   280  stm32f1xx_hal_rcc.o(i.HAL_RCC_ClockConfig)
    HAL_RCC_GetPCLK1Freq                     0x08001331   Thumb Code    20  stm32f1xx_hal_rcc.o(i.HAL_RCC_GetPCLK1Freq)
    HAL_RCC_GetSysClockFreq                  0x08001351   Thumb Code    58  stm32f1xx_hal_rcc.o(i.HAL_RCC_GetSysClockFreq)
    HAL_RCC_OscConfig                        0x0800139d   Thumb Code   778  stm32f1xx_hal_rcc.o(i.HAL_RCC_OscConfig)
    HAL_SPI_Init                             0x080016bd   Thumb Code   192  stm32f1xx_hal_spi.o(i.HAL_SPI_Init)
    HAL_SPI_MspInit                          0x0800177d   Thumb Code    98  spi.o(i.HAL_SPI_MspInit)
    HAL_SYSTICK_Config                       0x080017ed   Thumb Code    40  stm32f1xx_hal_cortex.o(i.HAL_SYSTICK_Config)
    HAL_TIMEx_BreakCallback                  0x08001815   Thumb Code     2  stm32f1xx_hal_tim_ex.o(i.HAL_TIMEx_BreakCallback)
    HAL_TIMEx_CommutCallback                 0x08001817   Thumb Code     2  stm32f1xx_hal_tim_ex.o(i.HAL_TIMEx_CommutCallback)
    HAL_TIMEx_MasterConfigSynchronization    0x08001819   Thumb Code    92  stm32f1xx_hal_tim_ex.o(i.HAL_TIMEx_MasterConfigSynchronization)
    HAL_TIM_Base_Init                        0x08001881   Thumb Code    90  stm32f1xx_hal_tim.o(i.HAL_TIM_Base_Init)
    HAL_TIM_Base_MspInit                     0x080018dd   Thumb Code    50  tim.o(i.HAL_TIM_Base_MspInit)
    HAL_TIM_Base_Start_IT                    0x08001919   Thumb Code    76  stm32f1xx_hal_tim.o(i.HAL_TIM_Base_Start_IT)
    HAL_TIM_ConfigClockSource                0x08001971   Thumb Code   220  stm32f1xx_hal_tim.o(i.HAL_TIM_ConfigClockSource)
    HAL_TIM_Encoder_Init                     0x08001a4d   Thumb Code   164  stm32f1xx_hal_tim.o(i.HAL_TIM_Encoder_Init)
    HAL_TIM_Encoder_MspInit                  0x08001af1   Thumb Code    76  tim.o(i.HAL_TIM_Encoder_MspInit)
    HAL_TIM_Encoder_Start                    0x08001b45   Thumb Code   142  stm32f1xx_hal_tim.o(i.HAL_TIM_Encoder_Start)
    HAL_TIM_IC_CaptureCallback               0x08001bd3   Thumb Code     2  stm32f1xx_hal_tim.o(i.HAL_TIM_IC_CaptureCallback)
    HAL_TIM_IRQHandler                       0x08001bd5   Thumb Code   358  stm32f1xx_hal_tim.o(i.HAL_TIM_IRQHandler)
    HAL_TIM_OC_DelayElapsedCallback          0x08001d3b   Thumb Code     2  stm32f1xx_hal_tim.o(i.HAL_TIM_OC_DelayElapsedCallback)
    HAL_TIM_PWM_PulseFinishedCallback        0x08001d3d   Thumb Code     2  stm32f1xx_hal_tim.o(i.HAL_TIM_PWM_PulseFinishedCallback)
    HAL_TIM_PeriodElapsedCallback            0x08001d41   Thumb Code    38  main.o(i.HAL_TIM_PeriodElapsedCallback)
    HAL_TIM_TriggerCallback                  0x08001d6d   Thumb Code     2  stm32f1xx_hal_tim.o(i.HAL_TIM_TriggerCallback)
    HardFault_Handler                        0x08001d6f   Thumb Code     2  stm32f1xx_it.o(i.HardFault_Handler)
    Key_Read                                 0x08001da9   Thumb Code    72  main.o(i.Key_Read)
    Key_Task                                 0x08001df5   Thumb Code   122  main.o(i.Key_Task)
    LED_Task                                 0x08001e75   Thumb Code    84  main.o(i.LED_Task)
    MX_GPIO_Init                             0x08001ed1   Thumb Code   204  gpio.o(i.MX_GPIO_Init)
    MX_I2C2_Init                             0x08001fb1   Thumb Code    50  i2c.o(i.MX_I2C2_Init)
    MX_SPI1_Init                             0x08001ff1   Thumb Code    66  spi.o(i.MX_SPI1_Init)
    MX_TIM2_Init                             0x0800203d   Thumb Code   100  tim.o(i.MX_TIM2_Init)
    MX_TIM3_Init                             0x080020a5   Thumb Code    94  tim.o(i.MX_TIM3_Init)
    MX_USB_DEVICE_Init                       0x0800210d   Thumb Code    52  usb_device.o(i.MX_USB_DEVICE_Init)
    MemManage_Handler                        0x0800214d   Thumb Code     2  stm32f1xx_it.o(i.MemManage_Handler)
    Motion_Burst                             0x08002151   Thumb Code    72  paw3395.o(i.Motion_Burst)
    Mouse_XY_Updata                          0x0800219d   Thumb Code    44  main.o(i.Mouse_XY_Updata)
    Mouse_wheel_Updata                       0x080021d1   Thumb Code    44  main.o(i.Mouse_wheel_Updata)
    NMI_Handler                              0x08002205   Thumb Code     2  stm32f1xx_it.o(i.NMI_Handler)
    PendSV_Handler                           0x080025b3   Thumb Code     2  stm32f1xx_it.o(i.PendSV_Handler)
    Power_up_sequence                        0x08002a69   Thumb Code   134  paw3395.o(i.Power_up_sequence)
    SPI_I2S_GetFlagStatus                    0x08002af5   Thumb Code    14  usr_spi.o(i.SPI_I2S_GetFlagStatus)
    SPI_SendReceive                          0x08002b05   Thumb Code    40  usr_spi.o(i.SPI_SendReceive)
    SVC_Handler                              0x08002b31   Thumb Code     2  stm32f1xx_it.o(i.SVC_Handler)
    SysTick_Handler                          0x08002b33   Thumb Code     4  stm32f1xx_it.o(i.SysTick_Handler)
    SystemClock_Config                       0x08002b37   Thumb Code   118  main.o(i.SystemClock_Config)
    SystemInit                               0x08002bad   Thumb Code     2  system_stm32f1xx.o(i.SystemInit)
    TIM3_IRQHandler                          0x08002bb1   Thumb Code     6  stm32f1xx_it.o(i.TIM3_IRQHandler)
    TIM_Base_SetConfig                       0x08002bbd   Thumb Code    94  stm32f1xx_hal_tim.o(i.TIM_Base_SetConfig)
    TIM_CCxChannelCmd                        0x08002c29   Thumb Code    26  stm32f1xx_hal_tim.o(i.TIM_CCxChannelCmd)
    TIM_ETR_SetConfig                        0x08002c43   Thumb Code    20  stm32f1xx_hal_tim.o(i.TIM_ETR_SetConfig)
    Task_Init                                0x08002cad   Thumb Code    28  main.o(i.Task_Init)
    Task_Run                                 0x08002ccd   Thumb Code    44  main.o(i.Task_Run)
    USBD_ClrClassConfig                      0x08002cfd   Thumb Code    14  usbd_core.o(i.USBD_ClrClassConfig)
    USBD_CtlContinueRx                       0x08002d0b   Thumb Code    16  usbd_ioreq.o(i.USBD_CtlContinueRx)
    USBD_CtlContinueSendData                 0x08002d1b   Thumb Code    16  usbd_ioreq.o(i.USBD_CtlContinueSendData)
    USBD_CtlError                            0x08002d2b   Thumb Code    22  usbd_ctlreq.o(i.USBD_CtlError)
    USBD_CtlReceiveStatus                    0x08002d41   Thumb Code    22  usbd_ioreq.o(i.USBD_CtlReceiveStatus)
    USBD_CtlSendData                         0x08002d57   Thumb Code    26  usbd_ioreq.o(i.USBD_CtlSendData)
    USBD_CtlSendStatus                       0x08002d71   Thumb Code    22  usbd_ioreq.o(i.USBD_CtlSendStatus)
    USBD_FS_ConfigStrDescriptor              0x08002d89   Thumb Code    16  usbd_desc.o(i.USBD_FS_ConfigStrDescriptor)
    USBD_FS_DeviceDescriptor                 0x08002da9   Thumb Code     8  usbd_desc.o(i.USBD_FS_DeviceDescriptor)
    USBD_FS_InterfaceStrDescriptor           0x08002db5   Thumb Code    16  usbd_desc.o(i.USBD_FS_InterfaceStrDescriptor)
    USBD_FS_LangIDStrDescriptor              0x08002dd9   Thumb Code     8  usbd_desc.o(i.USBD_FS_LangIDStrDescriptor)
    USBD_FS_ManufacturerStrDescriptor        0x08002de5   Thumb Code    16  usbd_desc.o(i.USBD_FS_ManufacturerStrDescriptor)
    USBD_FS_ProductStrDescriptor             0x08002e0d   Thumb Code    16  usbd_desc.o(i.USBD_FS_ProductStrDescriptor)
    USBD_FS_SerialStrDescriptor              0x08002e39   Thumb Code    48  usbd_desc.o(i.USBD_FS_SerialStrDescriptor)
    USBD_GetString                           0x08002f59   Thumb Code    72  usbd_ctlreq.o(i.USBD_GetString)
    USBD_HID_SendReport                      0x0800303f   Thumb Code    36  usbd_hid.o(i.USBD_HID_SendReport)
    USBD_Init                                0x0800312d   Thumb Code    42  usbd_core.o(i.USBD_Init)
    USBD_LL_ClearStallEP                     0x08003157   Thumb Code    18  usbd_conf.o(i.USBD_LL_ClearStallEP)
    USBD_LL_CloseEP                          0x08003169   Thumb Code    18  usbd_conf.o(i.USBD_LL_CloseEP)
    USBD_LL_DataInStage                      0x0800317b   Thumb Code   198  usbd_core.o(i.USBD_LL_DataInStage)
    USBD_LL_DataOutStage                     0x08003241   Thumb Code   130  usbd_core.o(i.USBD_LL_DataOutStage)
    USBD_LL_Init                             0x080032c5   Thumb Code    94  usbd_conf.o(i.USBD_LL_Init)
    USBD_LL_IsStallEP                        0x0800332d   Thumb Code    32  usbd_conf.o(i.USBD_LL_IsStallEP)
    USBD_LL_OpenEP                           0x0800334d   Thumb Code    24  usbd_conf.o(i.USBD_LL_OpenEP)
    USBD_LL_PrepareReceive                   0x08003365   Thumb Code    18  usbd_conf.o(i.USBD_LL_PrepareReceive)
    USBD_LL_Reset                            0x08003377   Thumb Code    80  usbd_core.o(i.USBD_LL_Reset)
    USBD_LL_Resume                           0x080033c7   Thumb Code    20  usbd_core.o(i.USBD_LL_Resume)
    USBD_LL_SOF                              0x080033db   Thumb Code    24  usbd_core.o(i.USBD_LL_SOF)
    USBD_LL_SetSpeed                         0x080033f3   Thumb Code     6  usbd_core.o(i.USBD_LL_SetSpeed)
    USBD_LL_SetUSBAddress                    0x080033f9   Thumb Code    18  usbd_conf.o(i.USBD_LL_SetUSBAddress)
    USBD_LL_SetupStage                       0x0800340b   Thumb Code    90  usbd_core.o(i.USBD_LL_SetupStage)
    USBD_LL_StallEP                          0x08003465   Thumb Code    18  usbd_conf.o(i.USBD_LL_StallEP)
    USBD_LL_Start                            0x08003477   Thumb Code    18  usbd_conf.o(i.USBD_LL_Start)
    USBD_LL_Suspend                          0x08003489   Thumb Code    18  usbd_core.o(i.USBD_LL_Suspend)
    USBD_LL_Transmit                         0x0800349b   Thumb Code    18  usbd_conf.o(i.USBD_LL_Transmit)
    USBD_ParseSetupRequest                   0x080034ad   Thumb Code    40  usbd_ctlreq.o(i.USBD_ParseSetupRequest)
    USBD_RegisterClass                       0x080034d5   Thumb Code    16  usbd_core.o(i.USBD_RegisterClass)
    USBD_SetClassConfig                      0x080034e5   Thumb Code    22  usbd_core.o(i.USBD_SetClassConfig)
    USBD_Start                               0x08003581   Thumb Code    10  usbd_core.o(i.USBD_Start)
    USBD_StdDevReq                           0x0800358b   Thumb Code   274  usbd_ctlreq.o(i.USBD_StdDevReq)
    USBD_StdEPReq                            0x0800369d   Thumb Code   336  usbd_ctlreq.o(i.USBD_StdEPReq)
    USBD_StdItfReq                           0x080037ed   Thumb Code    78  usbd_ctlreq.o(i.USBD_StdItfReq)
    USBD_static_free                         0x0800383b   Thumb Code     2  usbd_conf.o(i.USBD_static_free)
    USBD_static_malloc                       0x0800383d   Thumb Code     4  usbd_conf.o(i.USBD_static_malloc)
    USB_ActivateEndpoint                     0x08003845   Thumb Code   668  stm32f1xx_ll_usb.o(i.USB_ActivateEndpoint)
    USB_CoreInit                             0x08003ae1   Thumb Code     4  stm32f1xx_ll_usb.o(i.USB_CoreInit)
    USB_DeactivateEndpoint                   0x08003ae5   Thumb Code   270  stm32f1xx_ll_usb.o(i.USB_DeactivateEndpoint)
    USB_DevConnect                           0x08003bf3   Thumb Code     4  stm32f1xx_ll_usb.o(i.USB_DevConnect)
    USB_DevDisconnect                        0x08003bf7   Thumb Code     4  stm32f1xx_ll_usb.o(i.USB_DevDisconnect)
    USB_DevInit                              0x08003bfb   Thumb Code    18  stm32f1xx_ll_usb.o(i.USB_DevInit)
    USB_DisableGlobalInt                     0x08003c0d   Thumb Code    14  stm32f1xx_ll_usb.o(i.USB_DisableGlobalInt)
    USB_EP0_OutStart                         0x08003c1b   Thumb Code     4  stm32f1xx_ll_usb.o(i.USB_EP0_OutStart)
    USB_EPClearStall                         0x08003c1f   Thumb Code   120  stm32f1xx_ll_usb.o(i.USB_EPClearStall)
    USB_EPSetStall                           0x08003c97   Thumb Code    50  stm32f1xx_ll_usb.o(i.USB_EPSetStall)
    USB_EPStartXfer                          0x08003cc9   Thumb Code  1250  stm32f1xx_ll_usb.o(i.USB_EPStartXfer)
    USB_EnableGlobalInt                      0x080041ab   Thumb Code    18  stm32f1xx_ll_usb.o(i.USB_EnableGlobalInt)
    USB_LP_CAN1_RX0_IRQHandler               0x080041bd   Thumb Code     6  stm32f1xx_it.o(i.USB_LP_CAN1_RX0_IRQHandler)
    USB_ReadInterrupts                       0x080041c9   Thumb Code     6  stm32f1xx_ll_usb.o(i.USB_ReadInterrupts)
    USB_ReadPMA                              0x080041d1   Thumb Code    44  stm32f1xx_ll_usb.o(i.USB_ReadPMA)
    USB_SetCurrentMode                       0x080041fd   Thumb Code     4  stm32f1xx_ll_usb.o(i.USB_SetCurrentMode)
    USB_SetDevAddress                        0x08004201   Thumb Code    12  stm32f1xx_ll_usb.o(i.USB_SetDevAddress)
    USB_WritePMA                             0x0800420d   Thumb Code    38  stm32f1xx_ll_usb.o(i.USB_WritePMA)
    UsageFault_Handler                       0x08004233   Thumb Code     2  stm32f1xx_it.o(i.UsageFault_Handler)
    __scatterload_copy                       0x08004255   Thumb Code    14  handlers.o(i.__scatterload_copy)
    __scatterload_null                       0x08004263   Thumb Code     2  handlers.o(i.__scatterload_null)
    __scatterload_zeroinit                   0x08004265   Thumb Code    14  handlers.o(i.__scatterload_zeroinit)
    delay_125_ns                             0x08004273   Thumb Code    30  delay.o(i.delay_125_ns)
    delay_init                               0x08004291   Thumb Code    38  delay.o(i.delay_init)
    delay_ms                                 0x080042bd   Thumb Code    36  delay.o(i.delay_ms)
    delay_us                                 0x080042e5   Thumb Code    36  delay.o(i.delay_us)
    main                                     0x0800430d   Thumb Code   110  main.o(i.main)
    myMouse_init                             0x0800438d   Thumb Code    22  mymouse.o(i.myMouse_init)
    myMouse_update                           0x080043a5   Thumb Code    72  mymouse.o(i.myMouse_update)
    read_register                            0x08004409   Thumb Code    42  usr_spi.o(i.read_register)
    writr_register                           0x08004439   Thumb Code    58  usr_spi.o(i.writr_register)
    AHBPrescTable                            0x0800448a   Data          16  system_stm32f1xx.o(.constdata)
    APBPrescTable                            0x0800449a   Data           8  system_stm32f1xx.o(.constdata)
    Region$$Table$$Base                      0x080044a4   Number         0  anon$$obj.o(Region$$Table)
    Region$$Table$$Limit                     0x080044c4   Number         0  anon$$obj.o(Region$$Table)
    Left_Key_Value                           0x20000000   Data           1  main.o(.data)
    Right_Key_Value                          0x20000001   Data           1  main.o(.data)
    Middel_Key_Value                         0x20000002   Data           1  main.o(.data)
    led_flag                                 0x20000003   Data           1  main.o(.data)
    Key_cnt                                  0x20000004   Data           1  main.o(.data)
    Key_Value                                0x20000006   Data           1  main.o(.data)
    Key_Down                                 0x20000007   Data           1  main.o(.data)
    Key_UP                                   0x20000008   Data           1  main.o(.data)
    Key_Old                                  0x20000009   Data           1  main.o(.data)
    wheel_num                                0x2000000a   Data           1  main.o(.data)
    DPI                                      0x2000000c   Data           2  main.o(.data)
    X_Speed                                  0x2000000e   Data           2  main.o(.data)
    Y_Speed                                  0x20000010   Data           2  main.o(.data)
    SYS_tick_ms                              0x20000018   Data           4  main.o(.data)
    mouseHID                                 0x2000001c   Data           6  main.o(.data)
    TaskTimer                                0x20000022   Data           8  main.o(.data)
    Task                                     0x2000002c   Data          32  main.o(.data)
    FS_Desc                                  0x2000004c   Data          28  usbd_desc.o(.data)
    USBD_LangIDDesc                          0x20000068   Data           4  usbd_desc.o(.data)
    USBD_FS_DeviceDesc                       0x2000006c   Data          18  usbd_desc.o(.data)
    USBD_StringSerial                        0x20000080   Data          26  usbd_desc.o(.data)
    uwTickFreq                               0x2000009c   Data           1  stm32f1xx_hal.o(.data)
    uwTickPrio                               0x200000a0   Data           4  stm32f1xx_hal.o(.data)
    uwTick                                   0x200000a4   Data           4  stm32f1xx_hal.o(.data)
    SystemCoreClock                          0x200000a8   Data           4  system_stm32f1xx.o(.data)
    USBD_HID                                 0x200000b0   Data          56  usbd_hid.o(.data)
    fac_us                                   0x200001b2   Data           1  delay.o(.data)
    fac_ms                                   0x200001b4   Data           2  delay.o(.data)
    motion_burst_data                        0x200001b8   Data          12  main.o(.bss)
    hi2c2                                    0x200001c4   Data          84  i2c.o(.bss)
    hspi1                                    0x20000218   Data          88  spi.o(.bss)
    htim2                                    0x20000270   Data          72  tim.o(.bss)
    htim3                                    0x200002b8   Data          72  tim.o(.bss)
    hUsbDeviceFS                             0x20000300   Data         708  usb_device.o(.bss)
    USBD_StrDesc                             0x200005c4   Data         512  usbd_desc.o(.bss)
    hpcd_USB_FS                              0x200007d8   Data         752  usbd_conf.o(.bss)
    __initial_sp                             0x20000ec8   Data           0  startup_stm32f103xb.o(STACK)



==============================================================================

Memory Map of the image

  Image Entry point : 0x080000ed

  Load Region LR_IROM1 (Base: 0x08000000, Size: 0x0000467c, Max: 0x00010000, ABSOLUTE, COMPRESSED[0x000045b0])

    Execution Region ER_IROM1 (Exec base: 0x08000000, Load base: 0x08000000, Size: 0x000044c4, Max: 0x00010000, ABSOLUTE)

    Exec Addr    Load Addr    Size         Type   Attr      Idx    E Section Name        Object

    0x08000000   0x08000000   0x000000ec   Data   RO            3    RESET               startup_stm32f103xb.o
    0x080000ec   0x080000ec   0x00000000   Code   RO         4896  * .ARM.Collect$$$$00000000  mc_w.l(entry.o)
    0x080000ec   0x080000ec   0x00000004   Code   RO         4986    .ARM.Collect$$$$00000001  mc_w.l(entry2.o)
    0x080000f0   0x080000f0   0x00000004   Code   RO         4989    .ARM.Collect$$$$00000004  mc_w.l(entry5.o)
    0x080000f4   0x080000f4   0x00000000   Code   RO         4991    .ARM.Collect$$$$00000008  mc_w.l(entry7b.o)
    0x080000f4   0x080000f4   0x00000000   Code   RO         4993    .ARM.Collect$$$$0000000A  mc_w.l(entry8b.o)
    0x080000f4   0x080000f4   0x00000008   Code   RO         4994    .ARM.Collect$$$$0000000B  mc_w.l(entry9a.o)
    0x080000fc   0x080000fc   0x00000000   Code   RO         4996    .ARM.Collect$$$$0000000D  mc_w.l(entry10a.o)
    0x080000fc   0x080000fc   0x00000000   Code   RO         4998    .ARM.Collect$$$$0000000F  mc_w.l(entry11a.o)
    0x080000fc   0x080000fc   0x00000004   Code   RO         4987    .ARM.Collect$$$$00002712  mc_w.l(entry2.o)
    0x08000100   0x08000100   0x00000024   Code   RO            4    .text               startup_stm32f103xb.o
    0x08000124   0x08000124   0x00000024   Code   RO         4901    .text               mc_w.l(memcpya.o)
    0x08000148   0x08000148   0x00000024   Code   RO         4903    .text               mc_w.l(memseta.o)
    0x0800016c   0x0800016c   0x00000024   Code   RO         5031    .text               mc_w.l(init.o)
    0x08000190   0x08000190   0x00000056   Code   RO         5045    .text               mc_w.l(__dczerorl2.o)
    0x080001e6   0x080001e6   0x00000002   Code   RO          437    i.BusFault_Handler  stm32f1xx_it.o
    0x080001e8   0x080001e8   0x00000058   Code   RO         4615    i.DPI_Config        paw3395.o
    0x08000240   0x08000240   0x00000002   Code   RO          438    i.DebugMon_Handler  stm32f1xx_it.o
    0x08000242   0x08000242   0x00000006   Code   RO          439    i.EXTI1_IRQHandler  stm32f1xx_it.o
    0x08000248   0x08000248   0x00000004   Code   RO           13    i.Error_Handler     main.o
    0x0800024c   0x0800024c   0x00000024   Code   RO         1392    i.HAL_Delay         stm32f1xx_hal.o
    0x08000270   0x08000270   0x00000002   Code   RO         1700    i.HAL_GPIO_EXTI_Callback  stm32f1xx_hal_gpio.o
    0x08000272   0x08000272   0x00000002   PAD
    0x08000274   0x08000274   0x00000018   Code   RO         1701    i.HAL_GPIO_EXTI_IRQHandler  stm32f1xx_hal_gpio.o
    0x0800028c   0x0800028c   0x000001e0   Code   RO         1702    i.HAL_GPIO_Init     stm32f1xx_hal_gpio.o
    0x0800046c   0x0800046c   0x0000000a   Code   RO         1704    i.HAL_GPIO_ReadPin  stm32f1xx_hal_gpio.o
    0x08000476   0x08000476   0x00000010   Code   RO         1705    i.HAL_GPIO_TogglePin  stm32f1xx_hal_gpio.o
    0x08000486   0x08000486   0x0000000a   Code   RO         1706    i.HAL_GPIO_WritePin  stm32f1xx_hal_gpio.o
    0x08000490   0x08000490   0x0000000c   Code   RO         1396    i.HAL_GetTick       stm32f1xx_hal.o
    0x0800049c   0x0800049c   0x00000188   Code   RO         2373    i.HAL_I2C_Init      stm32f1xx_hal_i2c.o
    0x08000624   0x08000624   0x00000060   Code   RO          294    i.HAL_I2C_MspInit   i2c.o
    0x08000684   0x08000684   0x00000010   Code   RO         1402    i.HAL_IncTick       stm32f1xx_hal.o
    0x08000694   0x08000694   0x00000024   Code   RO         1403    i.HAL_Init          stm32f1xx_hal.o
    0x080006b8   0x080006b8   0x00000040   Code   RO         1404    i.HAL_InitTick      stm32f1xx_hal.o
    0x080006f8   0x080006f8   0x0000003c   Code   RO          531    i.HAL_MspInit       stm32f1xx_hal_msp.o
    0x08000734   0x08000734   0x0000001a   Code   RO         1862    i.HAL_NVIC_EnableIRQ  stm32f1xx_hal_cortex.o
    0x0800074e   0x0800074e   0x00000002   PAD
    0x08000750   0x08000750   0x00000040   Code   RO         1868    i.HAL_NVIC_SetPriority  stm32f1xx_hal_cortex.o
    0x08000790   0x08000790   0x00000024   Code   RO         1869    i.HAL_NVIC_SetPriorityGrouping  stm32f1xx_hal_cortex.o
    0x080007b4   0x080007b4   0x0000003c   Code   RO         1159    i.HAL_PCDEx_PMAConfig  stm32f1xx_hal_pcd_ex.o
    0x080007f0   0x080007f0   0x00000002   Code   RO          672    i.HAL_PCDEx_SetConnectionState  usbd_conf.o
    0x080007f2   0x080007f2   0x00000012   Code   RO          674    i.HAL_PCD_DataInStageCallback  usbd_conf.o
    0x08000804   0x08000804   0x00000014   Code   RO          675    i.HAL_PCD_DataOutStageCallback  usbd_conf.o
    0x08000818   0x08000818   0x0000004c   Code   RO          930    i.HAL_PCD_EP_Close  stm32f1xx_hal_pcd.o
    0x08000864   0x08000864   0x0000005c   Code   RO          931    i.HAL_PCD_EP_ClrStall  stm32f1xx_hal_pcd.o
    0x080008c0   0x080008c0   0x000000e6   Code   RO          932    i.HAL_PCD_EP_DB_Receive  stm32f1xx_hal_pcd.o
    0x080009a6   0x080009a6   0x00000338   Code   RO          933    i.HAL_PCD_EP_DB_Transmit  stm32f1xx_hal_pcd.o
    0x08000cde   0x08000cde   0x0000005a   Code   RO          936    i.HAL_PCD_EP_Open   stm32f1xx_hal_pcd.o
    0x08000d38   0x08000d38   0x0000002e   Code   RO          937    i.HAL_PCD_EP_Receive  stm32f1xx_hal_pcd.o
    0x08000d66   0x08000d66   0x00000072   Code   RO          938    i.HAL_PCD_EP_SetStall  stm32f1xx_hal_pcd.o
    0x08000dd8   0x08000dd8   0x00000030   Code   RO          939    i.HAL_PCD_EP_Transmit  stm32f1xx_hal_pcd.o
    0x08000e08   0x08000e08   0x00000134   Code   RO          941    i.HAL_PCD_IRQHandler  stm32f1xx_hal_pcd.o
    0x08000f3c   0x08000f3c   0x000000da   Code   RO          944    i.HAL_PCD_Init      stm32f1xx_hal_pcd.o
    0x08001016   0x08001016   0x00000002   PAD
    0x08001018   0x08001018   0x0000003c   Code   RO          680    i.HAL_PCD_MspInit   usbd_conf.o
    0x08001054   0x08001054   0x00000026   Code   RO          681    i.HAL_PCD_ResetCallback  usbd_conf.o
    0x0800107a   0x0800107a   0x00000008   Code   RO          682    i.HAL_PCD_ResumeCallback  usbd_conf.o
    0x08001082   0x08001082   0x00000008   Code   RO          683    i.HAL_PCD_SOFCallback  usbd_conf.o
    0x0800108a   0x0800108a   0x00000028   Code   RO          950    i.HAL_PCD_SetAddress  stm32f1xx_hal_pcd.o
    0x080010b2   0x080010b2   0x0000000e   Code   RO          684    i.HAL_PCD_SetupStageCallback  usbd_conf.o
    0x080010c0   0x080010c0   0x00000032   Code   RO          952    i.HAL_PCD_Start     stm32f1xx_hal_pcd.o
    0x080010f2   0x080010f2   0x00000002   PAD
    0x080010f4   0x080010f4   0x00000024   Code   RO          685    i.HAL_PCD_SuspendCallback  usbd_conf.o
    0x08001118   0x08001118   0x000000ec   Code   RO         1664    i.HAL_RCCEx_PeriphCLKConfig  stm32f1xx_hal_rcc_ex.o
    0x08001204   0x08001204   0x0000012c   Code   RO         1560    i.HAL_RCC_ClockConfig  stm32f1xx_hal_rcc.o
    0x08001330   0x08001330   0x00000020   Code   RO         1567    i.HAL_RCC_GetPCLK1Freq  stm32f1xx_hal_rcc.o
    0x08001350   0x08001350   0x0000004c   Code   RO         1569    i.HAL_RCC_GetSysClockFreq  stm32f1xx_hal_rcc.o
    0x0800139c   0x0800139c   0x00000320   Code   RO         1572    i.HAL_RCC_OscConfig  stm32f1xx_hal_rcc.o
    0x080016bc   0x080016bc   0x000000c0   Code   RO         2810    i.HAL_SPI_Init      stm32f1xx_hal_spi.o
    0x0800177c   0x0800177c   0x00000070   Code   RO          336    i.HAL_SPI_MspInit   spi.o
    0x080017ec   0x080017ec   0x00000028   Code   RO         1873    i.HAL_SYSTICK_Config  stm32f1xx_hal_cortex.o
    0x08001814   0x08001814   0x00000002   Code   RO         3853    i.HAL_TIMEx_BreakCallback  stm32f1xx_hal_tim_ex.o
    0x08001816   0x08001816   0x00000002   Code   RO         3854    i.HAL_TIMEx_CommutCallback  stm32f1xx_hal_tim_ex.o
    0x08001818   0x08001818   0x00000068   Code   RO         3872    i.HAL_TIMEx_MasterConfigSynchronization  stm32f1xx_hal_tim_ex.o
    0x08001880   0x08001880   0x0000005a   Code   RO         3149    i.HAL_TIM_Base_Init  stm32f1xx_hal_tim.o
    0x080018da   0x080018da   0x00000002   PAD
    0x080018dc   0x080018dc   0x0000003c   Code   RO          378    i.HAL_TIM_Base_MspInit  tim.o
    0x08001918   0x08001918   0x00000058   Code   RO         3154    i.HAL_TIM_Base_Start_IT  stm32f1xx_hal_tim.o
    0x08001970   0x08001970   0x000000dc   Code   RO         3158    i.HAL_TIM_ConfigClockSource  stm32f1xx_hal_tim.o
    0x08001a4c   0x08001a4c   0x000000a4   Code   RO         3170    i.HAL_TIM_Encoder_Init  stm32f1xx_hal_tim.o
    0x08001af0   0x08001af0   0x00000054   Code   RO          380    i.HAL_TIM_Encoder_MspInit  tim.o
    0x08001b44   0x08001b44   0x0000008e   Code   RO         3173    i.HAL_TIM_Encoder_Start  stm32f1xx_hal_tim.o
    0x08001bd2   0x08001bd2   0x00000002   Code   RO         3183    i.HAL_TIM_IC_CaptureCallback  stm32f1xx_hal_tim.o
    0x08001bd4   0x08001bd4   0x00000166   Code   RO         3197    i.HAL_TIM_IRQHandler  stm32f1xx_hal_tim.o
    0x08001d3a   0x08001d3a   0x00000002   Code   RO         3200    i.HAL_TIM_OC_DelayElapsedCallback  stm32f1xx_hal_tim.o
    0x08001d3c   0x08001d3c   0x00000002   Code   RO         3227    i.HAL_TIM_PWM_PulseFinishedCallback  stm32f1xx_hal_tim.o
    0x08001d3e   0x08001d3e   0x00000002   PAD
    0x08001d40   0x08001d40   0x0000002c   Code   RO           14    i.HAL_TIM_PeriodElapsedCallback  main.o
    0x08001d6c   0x08001d6c   0x00000002   Code   RO         3240    i.HAL_TIM_TriggerCallback  stm32f1xx_hal_tim.o
    0x08001d6e   0x08001d6e   0x00000002   Code   RO          440    i.HardFault_Handler  stm32f1xx_it.o
    0x08001d70   0x08001d70   0x00000038   Code   RO          586    i.IntToUnicode      usbd_desc.o
    0x08001da8   0x08001da8   0x0000004c   Code   RO           15    i.Key_Read          main.o
    0x08001df4   0x08001df4   0x00000080   Code   RO           16    i.Key_Task          main.o
    0x08001e74   0x08001e74   0x0000005c   Code   RO           17    i.LED_Task          main.o
    0x08001ed0   0x08001ed0   0x000000e0   Code   RO          269    i.MX_GPIO_Init      gpio.o
    0x08001fb0   0x08001fb0   0x00000040   Code   RO          295    i.MX_I2C2_Init      i2c.o
    0x08001ff0   0x08001ff0   0x0000004c   Code   RO          337    i.MX_SPI1_Init      spi.o
    0x0800203c   0x0800203c   0x00000068   Code   RO          381    i.MX_TIM2_Init      tim.o
    0x080020a4   0x080020a4   0x00000068   Code   RO          382    i.MX_TIM3_Init      tim.o
    0x0800210c   0x0800210c   0x00000040   Code   RO          555    i.MX_USB_DEVICE_Init  usb_device.o
    0x0800214c   0x0800214c   0x00000002   Code   RO          441    i.MemManage_Handler  stm32f1xx_it.o
    0x0800214e   0x0800214e   0x00000002   PAD
    0x08002150   0x08002150   0x0000004c   Code   RO         4616    i.Motion_Burst      paw3395.o
    0x0800219c   0x0800219c   0x00000034   Code   RO           18    i.Mouse_XY_Updata   main.o
    0x080021d0   0x080021d0   0x00000034   Code   RO           19    i.Mouse_wheel_Updata  main.o
    0x08002204   0x08002204   0x00000002   Code   RO          442    i.NMI_Handler       stm32f1xx_it.o
    0x08002206   0x08002206   0x000003ac   Code   RO          956    i.PCD_EP_ISR_Handler  stm32f1xx_hal_pcd.o
    0x080025b2   0x080025b2   0x00000002   Code   RO          443    i.PendSV_Handler    stm32f1xx_it.o
    0x080025b4   0x080025b4   0x000004b2   Code   RO         4618    i.Power_Up_Initializaton_Register_Setting  paw3395.o
    0x08002a66   0x08002a66   0x00000002   PAD
    0x08002a68   0x08002a68   0x0000008c   Code   RO         4619    i.Power_up_sequence  paw3395.o
    0x08002af4   0x08002af4   0x0000000e   Code   RO         4568    i.SPI_I2S_GetFlagStatus  usr_spi.o
    0x08002b02   0x08002b02   0x00000002   PAD
    0x08002b04   0x08002b04   0x0000002c   Code   RO         4569    i.SPI_SendReceive   usr_spi.o
    0x08002b30   0x08002b30   0x00000002   Code   RO          444    i.SVC_Handler       stm32f1xx_it.o
    0x08002b32   0x08002b32   0x00000004   Code   RO          445    i.SysTick_Handler   stm32f1xx_it.o
    0x08002b36   0x08002b36   0x00000076   Code   RO           21    i.SystemClock_Config  main.o
    0x08002bac   0x08002bac   0x00000002   Code   RO         4121    i.SystemInit        system_stm32f1xx.o
    0x08002bae   0x08002bae   0x00000002   PAD
    0x08002bb0   0x08002bb0   0x0000000c   Code   RO          446    i.TIM3_IRQHandler   stm32f1xx_it.o
    0x08002bbc   0x08002bbc   0x0000006c   Code   RO         3242    i.TIM_Base_SetConfig  stm32f1xx_hal_tim.o
    0x08002c28   0x08002c28   0x0000001a   Code   RO         3243    i.TIM_CCxChannelCmd  stm32f1xx_hal_tim.o
    0x08002c42   0x08002c42   0x00000014   Code   RO         3253    i.TIM_ETR_SetConfig  stm32f1xx_hal_tim.o
    0x08002c56   0x08002c56   0x00000010   Code   RO         3254    i.TIM_ITRx_SetConfig  stm32f1xx_hal_tim.o
    0x08002c66   0x08002c66   0x00000022   Code   RO         3260    i.TIM_TI1_ConfigInputStage  stm32f1xx_hal_tim.o
    0x08002c88   0x08002c88   0x00000024   Code   RO         3262    i.TIM_TI2_ConfigInputStage  stm32f1xx_hal_tim.o
    0x08002cac   0x08002cac   0x00000020   Code   RO           22    i.Task_Init         main.o
    0x08002ccc   0x08002ccc   0x00000030   Code   RO           23    i.Task_Run          main.o
    0x08002cfc   0x08002cfc   0x0000000e   Code   RO         4158    i.USBD_ClrClassConfig  usbd_core.o
    0x08002d0a   0x08002d0a   0x00000010   Code   RO         4361    i.USBD_CtlContinueRx  usbd_ioreq.o
    0x08002d1a   0x08002d1a   0x00000010   Code   RO         4362    i.USBD_CtlContinueSendData  usbd_ioreq.o
    0x08002d2a   0x08002d2a   0x00000016   Code   RO         4296    i.USBD_CtlError     usbd_ctlreq.o
    0x08002d40   0x08002d40   0x00000016   Code   RO         4364    i.USBD_CtlReceiveStatus  usbd_ioreq.o
    0x08002d56   0x08002d56   0x0000001a   Code   RO         4365    i.USBD_CtlSendData  usbd_ioreq.o
    0x08002d70   0x08002d70   0x00000016   Code   RO         4366    i.USBD_CtlSendStatus  usbd_ioreq.o
    0x08002d86   0x08002d86   0x00000002   PAD
    0x08002d88   0x08002d88   0x00000020   Code   RO          587    i.USBD_FS_ConfigStrDescriptor  usbd_desc.o
    0x08002da8   0x08002da8   0x0000000c   Code   RO          588    i.USBD_FS_DeviceDescriptor  usbd_desc.o
    0x08002db4   0x08002db4   0x00000024   Code   RO          589    i.USBD_FS_InterfaceStrDescriptor  usbd_desc.o
    0x08002dd8   0x08002dd8   0x0000000c   Code   RO          590    i.USBD_FS_LangIDStrDescriptor  usbd_desc.o
    0x08002de4   0x08002de4   0x00000028   Code   RO          591    i.USBD_FS_ManufacturerStrDescriptor  usbd_desc.o
    0x08002e0c   0x08002e0c   0x0000002c   Code   RO          592    i.USBD_FS_ProductStrDescriptor  usbd_desc.o
    0x08002e38   0x08002e38   0x00000038   Code   RO          593    i.USBD_FS_SerialStrDescriptor  usbd_desc.o
    0x08002e70   0x08002e70   0x000000e8   Code   RO         4297    i.USBD_GetDescriptor  usbd_ctlreq.o
    0x08002f58   0x08002f58   0x00000048   Code   RO         4298    i.USBD_GetString    usbd_ctlreq.o
    0x08002fa0   0x08002fa0   0x00000018   Code   RO          686    i.USBD_Get_USB_Status  usbd_conf.o
    0x08002fb8   0x08002fb8   0x0000000c   Code   RO         4421    i.USBD_HID_DataIn   usbd_hid.o
    0x08002fc4   0x08002fc4   0x00000020   Code   RO         4422    i.USBD_HID_DeInit   usbd_hid.o
    0x08002fe4   0x08002fe4   0x0000000c   Code   RO         4423    i.USBD_HID_GetDeviceQualifierDesc  usbd_hid.o
    0x08002ff0   0x08002ff0   0x0000000c   Code   RO         4424    i.USBD_HID_GetFSCfgDesc  usbd_hid.o
    0x08002ffc   0x08002ffc   0x0000000c   Code   RO         4425    i.USBD_HID_GetHSCfgDesc  usbd_hid.o
    0x08003008   0x08003008   0x0000000c   Code   RO         4426    i.USBD_HID_GetOtherSpeedCfgDesc  usbd_hid.o
    0x08003014   0x08003014   0x0000002a   Code   RO         4428    i.USBD_HID_Init     usbd_hid.o
    0x0800303e   0x0800303e   0x00000024   Code   RO         4429    i.USBD_HID_SendReport  usbd_hid.o
    0x08003062   0x08003062   0x00000002   PAD
    0x08003064   0x08003064   0x000000c8   Code   RO         4430    i.USBD_HID_Setup    usbd_hid.o
    0x0800312c   0x0800312c   0x0000002a   Code   RO         4160    i.USBD_Init         usbd_core.o
    0x08003156   0x08003156   0x00000012   Code   RO          687    i.USBD_LL_ClearStallEP  usbd_conf.o
    0x08003168   0x08003168   0x00000012   Code   RO          688    i.USBD_LL_CloseEP   usbd_conf.o
    0x0800317a   0x0800317a   0x000000c6   Code   RO         4161    i.USBD_LL_DataInStage  usbd_core.o
    0x08003240   0x08003240   0x00000082   Code   RO         4162    i.USBD_LL_DataOutStage  usbd_core.o
    0x080032c2   0x080032c2   0x00000002   PAD
    0x080032c4   0x080032c4   0x00000068   Code   RO          693    i.USBD_LL_Init      usbd_conf.o
    0x0800332c   0x0800332c   0x00000020   Code   RO          694    i.USBD_LL_IsStallEP  usbd_conf.o
    0x0800334c   0x0800334c   0x00000018   Code   RO          695    i.USBD_LL_OpenEP    usbd_conf.o
    0x08003364   0x08003364   0x00000012   Code   RO          696    i.USBD_LL_PrepareReceive  usbd_conf.o
    0x08003376   0x08003376   0x00000050   Code   RO         4167    i.USBD_LL_Reset     usbd_core.o
    0x080033c6   0x080033c6   0x00000014   Code   RO         4168    i.USBD_LL_Resume    usbd_core.o
    0x080033da   0x080033da   0x00000018   Code   RO         4169    i.USBD_LL_SOF       usbd_core.o
    0x080033f2   0x080033f2   0x00000006   Code   RO         4170    i.USBD_LL_SetSpeed  usbd_core.o
    0x080033f8   0x080033f8   0x00000012   Code   RO          697    i.USBD_LL_SetUSBAddress  usbd_conf.o
    0x0800340a   0x0800340a   0x0000005a   Code   RO         4171    i.USBD_LL_SetupStage  usbd_core.o
    0x08003464   0x08003464   0x00000012   Code   RO          698    i.USBD_LL_StallEP   usbd_conf.o
    0x08003476   0x08003476   0x00000012   Code   RO          699    i.USBD_LL_Start     usbd_conf.o
    0x08003488   0x08003488   0x00000012   Code   RO         4172    i.USBD_LL_Suspend   usbd_core.o
    0x0800349a   0x0800349a   0x00000012   Code   RO          701    i.USBD_LL_Transmit  usbd_conf.o
    0x080034ac   0x080034ac   0x00000028   Code   RO         4299    i.USBD_ParseSetupRequest  usbd_ctlreq.o
    0x080034d4   0x080034d4   0x00000010   Code   RO         4173    i.USBD_RegisterClass  usbd_core.o
    0x080034e4   0x080034e4   0x00000016   Code   RO         4175    i.USBD_SetClassConfig  usbd_core.o
    0x080034fa   0x080034fa   0x00000002   PAD
    0x080034fc   0x080034fc   0x00000084   Code   RO         4300    i.USBD_SetConfig    usbd_ctlreq.o
    0x08003580   0x08003580   0x0000000a   Code   RO         4176    i.USBD_Start        usbd_core.o
    0x0800358a   0x0800358a   0x00000112   Code   RO         4301    i.USBD_StdDevReq    usbd_ctlreq.o
    0x0800369c   0x0800369c   0x00000150   Code   RO         4302    i.USBD_StdEPReq     usbd_ctlreq.o
    0x080037ec   0x080037ec   0x0000004e   Code   RO         4303    i.USBD_StdItfReq    usbd_ctlreq.o
    0x0800383a   0x0800383a   0x00000002   Code   RO          702    i.USBD_static_free  usbd_conf.o
    0x0800383c   0x0800383c   0x00000008   Code   RO          703    i.USBD_static_malloc  usbd_conf.o
    0x08003844   0x08003844   0x0000029c   Code   RO         1199    i.USB_ActivateEndpoint  stm32f1xx_ll_usb.o
    0x08003ae0   0x08003ae0   0x00000004   Code   RO         1202    i.USB_CoreInit      stm32f1xx_ll_usb.o
    0x08003ae4   0x08003ae4   0x0000010e   Code   RO         1204    i.USB_DeactivateEndpoint  stm32f1xx_ll_usb.o
    0x08003bf2   0x08003bf2   0x00000004   Code   RO         1205    i.USB_DevConnect    stm32f1xx_ll_usb.o
    0x08003bf6   0x08003bf6   0x00000004   Code   RO         1206    i.USB_DevDisconnect  stm32f1xx_ll_usb.o
    0x08003bfa   0x08003bfa   0x00000012   Code   RO         1207    i.USB_DevInit       stm32f1xx_ll_usb.o
    0x08003c0c   0x08003c0c   0x0000000e   Code   RO         1208    i.USB_DisableGlobalInt  stm32f1xx_ll_usb.o
    0x08003c1a   0x08003c1a   0x00000004   Code   RO         1209    i.USB_EP0_OutStart  stm32f1xx_ll_usb.o
    0x08003c1e   0x08003c1e   0x00000078   Code   RO         1210    i.USB_EPClearStall  stm32f1xx_ll_usb.o
    0x08003c96   0x08003c96   0x00000032   Code   RO         1211    i.USB_EPSetStall    stm32f1xx_ll_usb.o
    0x08003cc8   0x08003cc8   0x000004e2   Code   RO         1212    i.USB_EPStartXfer   stm32f1xx_ll_usb.o
    0x080041aa   0x080041aa   0x00000012   Code   RO         1214    i.USB_EnableGlobalInt  stm32f1xx_ll_usb.o
    0x080041bc   0x080041bc   0x0000000c   Code   RO          447    i.USB_LP_CAN1_RX0_IRQHandler  stm32f1xx_it.o
    0x080041c8   0x080041c8   0x00000006   Code   RO         1221    i.USB_ReadInterrupts  stm32f1xx_ll_usb.o
    0x080041ce   0x080041ce   0x00000002   PAD
    0x080041d0   0x080041d0   0x0000002c   Code   RO         1222    i.USB_ReadPMA       stm32f1xx_ll_usb.o
    0x080041fc   0x080041fc   0x00000004   Code   RO         1223    i.USB_SetCurrentMode  stm32f1xx_ll_usb.o
    0x08004200   0x08004200   0x0000000c   Code   RO         1224    i.USB_SetDevAddress  stm32f1xx_ll_usb.o
    0x0800420c   0x0800420c   0x00000026   Code   RO         1226    i.USB_WritePMA      stm32f1xx_ll_usb.o
    0x08004232   0x08004232   0x00000002   Code   RO          448    i.UsageFault_Handler  stm32f1xx_it.o
    0x08004234   0x08004234   0x00000020   Code   RO         1875    i.__NVIC_SetPriority  stm32f1xx_hal_cortex.o
    0x08004254   0x08004254   0x0000000e   Code   RO         5039    i.__scatterload_copy  mc_w.l(handlers.o)
    0x08004262   0x08004262   0x00000002   Code   RO         5040    i.__scatterload_null  mc_w.l(handlers.o)
    0x08004264   0x08004264   0x0000000e   Code   RO         5041    i.__scatterload_zeroinit  mc_w.l(handlers.o)
    0x08004272   0x08004272   0x0000001e   Code   RO         4529    i.delay_125_ns      delay.o
    0x08004290   0x08004290   0x0000002c   Code   RO         4530    i.delay_init        delay.o
    0x080042bc   0x080042bc   0x00000028   Code   RO         4531    i.delay_ms          delay.o
    0x080042e4   0x080042e4   0x00000028   Code   RO         4532    i.delay_us          delay.o
    0x0800430c   0x0800430c   0x00000080   Code   RO           24    i.main              main.o
    0x0800438c   0x0800438c   0x00000016   Code   RO         4498    i.myMouse_init      mymouse.o
    0x080043a2   0x080043a2   0x00000002   PAD
    0x080043a4   0x080043a4   0x00000064   Code   RO         4499    i.myMouse_update    mymouse.o
    0x08004408   0x08004408   0x00000030   Code   RO         4570    i.read_register     usr_spi.o
    0x08004438   0x08004438   0x00000040   Code   RO         4571    i.writr_register    usr_spi.o
    0x08004478   0x08004478   0x00000012   Data   RO         1573    .constdata          stm32f1xx_hal_rcc.o
    0x0800448a   0x0800448a   0x00000010   Data   RO         4122    .constdata          system_stm32f1xx.o
    0x0800449a   0x0800449a   0x00000008   Data   RO         4123    .constdata          system_stm32f1xx.o
    0x080044a2   0x080044a2   0x00000002   PAD
    0x080044a4   0x080044a4   0x00000020   Data   RO         5037    Region$$Table       anon$$obj.o


    Execution Region RW_IRAM1 (Exec base: 0x20000000, Load base: 0x080044c4, Size: 0x00000ec8, Max: 0x00005000, ABSOLUTE, COMPRESSED[0x000000ec])

    Exec Addr    Load Addr    Size         Type   Attr      Idx    E Section Name        Object

    0x20000000   COMPRESSED   0x0000004c   Data   RW           26    .data               main.o
    0x2000004c   COMPRESSED   0x0000001c   Data   RW          595    .data               usbd_desc.o
    0x20000068   COMPRESSED   0x00000032   Data   RW          596    .data               usbd_desc.o
    0x2000009a   COMPRESSED   0x00000002   PAD
    0x2000009c   COMPRESSED   0x0000000c   Data   RW         1410    .data               stm32f1xx_hal.o
    0x200000a8   COMPRESSED   0x00000004   Data   RW         4124    .data               system_stm32f1xx.o
    0x200000ac   COMPRESSED   0x00000001   Data   RW         4304    .data               usbd_ctlreq.o
    0x200000ad   COMPRESSED   0x00000003   PAD
    0x200000b0   COMPRESSED   0x00000038   Data   RW         4431    .data               usbd_hid.o
    0x200000e8   COMPRESSED   0x000000c9   Data   RW         4432    .data               usbd_hid.o
    0x200001b1   COMPRESSED   0x00000001   PAD
    0x200001b2   COMPRESSED   0x00000004   Data   RW         4533    .data               delay.o
    0x200001b6   COMPRESSED   0x00000002   PAD
    0x200001b8        -       0x0000000c   Zero   RW           25    .bss                main.o
    0x200001c4        -       0x00000054   Zero   RW          296    .bss                i2c.o
    0x20000218        -       0x00000058   Zero   RW          338    .bss                spi.o
    0x20000270        -       0x00000090   Zero   RW          383    .bss                tim.o
    0x20000300        -       0x000002c4   Zero   RW          556    .bss                usb_device.o
    0x200005c4        -       0x00000200   Zero   RW          594    .bss                usbd_desc.o
    0x200007c4        -       0x00000304   Zero   RW          704    .bss                usbd_conf.o
    0x20000ac8        -       0x00000400   Zero   RW            1    STACK               startup_stm32f103xb.o


==============================================================================

Image component sizes


      Code (inc. data)   RO Data    RW Data    ZI Data      Debug   Object Name

       154         14          0          4          0       2274   delay.o
       224         20          0          0          0       1003   gpio.o
       160         28          0          0         84       1677   i2c.o
       774         66          0         76         12     457822   main.o
       122         28          0          0          0       2073   mymouse.o
      1506         14          0          0          0       3196   paw3395.o
       188         24          0          0         88       1709   spi.o
        36          8        236          0       1024        808   startup_stm32f103xb.o
       164         28          0         12          0       5997   stm32f1xx_hal.o
       198         14          0          0          0      29035   stm32f1xx_hal_cortex.o
       542         40          0          0          0       5328   stm32f1xx_hal_gpio.o
       392         16          0          0          0       3231   stm32f1xx_hal_i2c.o
        60          8          0          0          0        894   stm32f1xx_hal_msp.o
      3076          0          0          0          0      13865   stm32f1xx_hal_pcd.o
        60          0          0          0          0       1198   stm32f1xx_hal_pcd_ex.o
      1208         72         18          0          0       4609   stm32f1xx_hal_rcc.o
       236         12          0          0          0       1404   stm32f1xx_hal_rcc_ex.o
       192          0          0          0          0       1397   stm32f1xx_hal_spi.o
      1310         26          0          0          0      12456   stm32f1xx_hal_tim.o
       108         12          0          0          0       2449   stm32f1xx_hal_tim_ex.o
        50         12          0          0          0       5324   stm32f1xx_it.o
      2528          0          0          0          0      16323   stm32f1xx_ll_usb.o
         2          0         24          4          0       1155   system_stm32f1xx.o
       352         32          0          0        144       3005   tim.o
        64         12          0          0        708        804   usb_device.o
       524         30          0          0        772      13933   usbd_conf.o
       670          0          0          0          0       9631   usbd_core.o
      1186         28          0          1          0       8024   usbd_ctlreq.o
       288        104          0         78        512       6041   usbd_desc.o
       370         20          0        257          0       7921   usbd_hid.o
       102          0          0          0          0       3724   usbd_ioreq.o
       170         16          0          0          0       2963   usr_spi.o

    ----------------------------------------------------------------------
     17048        684        312        440       3344     631273   Object Totals
         0          0         32          0          0          0   (incl. Generated)
        32          0          2          8          0          0   (incl. Padding)

    ----------------------------------------------------------------------

      Code (inc. data)   RO Data    RW Data    ZI Data      Debug   Library Member Name

        86          0          0          0          0          0   __dczerorl2.o
         0          0          0          0          0          0   entry.o
         0          0          0          0          0          0   entry10a.o
         0          0          0          0          0          0   entry11a.o
         8          4          0          0          0          0   entry2.o
         4          0          0          0          0          0   entry5.o
         0          0          0          0          0          0   entry7b.o
         0          0          0          0          0          0   entry8b.o
         8          4          0          0          0          0   entry9a.o
        30          0          0          0          0          0   handlers.o
        36          8          0          0          0         68   init.o
        36          0          0          0          0         68   memcpya.o
        36          0          0          0          0        108   memseta.o

    ----------------------------------------------------------------------
       244         16          0          0          0        244   Library Totals
         0          0          0          0          0          0   (incl. Padding)

    ----------------------------------------------------------------------

      Code (inc. data)   RO Data    RW Data    ZI Data      Debug   Library Name

       244         16          0          0          0        244   mc_w.l

    ----------------------------------------------------------------------
       244         16          0          0          0        244   Library Totals

    ----------------------------------------------------------------------

==============================================================================


      Code (inc. data)   RO Data    RW Data    ZI Data      Debug   

     17292        700        312        440       3344     622285   Grand Totals
     17292        700        312        236       3344     622285   ELF Image Totals (compressed)
     17292        700        312        236          0          0   ROM Totals

==============================================================================

    Total RO  Size (Code + RO Data)                17604 (  17.19kB)
    Total RW  Size (RW Data + ZI Data)              3784 (   3.70kB)
    Total ROM Size (Code + RO Data + RW Data)      17840 (  17.42kB)

==============================================================================

